Archive member included to satisfy reference by file (symbol)

../src/ASF/thirdparty/wireless/services/common_hw_timer/sam0/lib\libsam0_lib_hw_timer.a(common_hw_timer.o)
                              build/Release/production/_ext/1247473316/sysTimer.o (common_tc_read_count)
c:/program files (x86)/atmel/studio/7.0/toolchain/arm/arm-gnu-toolchain/bin/../lib/gcc/arm-none-eabi/6.3.1/thumb/v6-m\libgcc.a(_udivsi3.o)
                              build/Release/production/_ext/949655971/ssd1306.o (__aeabi_uidiv)
c:/program files (x86)/atmel/studio/7.0/toolchain/arm/arm-gnu-toolchain/bin/../lib/gcc/arm-none-eabi/6.3.1/thumb/v6-m\libgcc.a(_divsi3.o)
                              build/Release/production/_ext/1484681269/miwi_p2p_star.o (__aeabi_idiv)
c:/program files (x86)/atmel/studio/7.0/toolchain/arm/arm-gnu-toolchain/bin/../lib/gcc/arm-none-eabi/6.3.1/thumb/v6-m\libgcc.a(_dvmd_tls.o)
                              c:/program files (x86)/atmel/studio/7.0/toolchain/arm/arm-gnu-toolchain/bin/../lib/gcc/arm-none-eabi/6.3.1/thumb/v6-m\libgcc.a(_udivsi3.o) (__aeabi_idiv0)
c:/program files (x86)/atmel/studio/7.0/toolchain/arm/arm-gnu-toolchain/bin/../lib/gcc/arm-none-eabi/6.3.1/thumb/v6-m\libgcc.a(_arm_cmpsf2.o)
                              build/Release/production/_ext/294023502/hw_timer.o (__aeabi_fcmpge)
c:/program files (x86)/atmel/studio/7.0/toolchain/arm/arm-gnu-toolchain/bin/../lib/gcc/arm-none-eabi/6.3.1/thumb/v6-m\libgcc.a(_muldi3.o)
                              build/Release/production/_ext/246296370/sercom.o (__aeabi_lmul)
c:/program files (x86)/atmel/studio/7.0/toolchain/arm/arm-gnu-toolchain/bin/../lib/gcc/arm-none-eabi/6.3.1/thumb/v6-m\libgcc.a(_fixunssfsi.o)
                              build/Release/production/_ext/294023502/hw_timer.o (__aeabi_f2uiz)
c:/program files (x86)/atmel/studio/7.0/toolchain/arm/arm-gnu-toolchain/bin/../lib/gcc/arm-none-eabi/6.3.1/thumb/v6-m\libgcc.a(addsf3.o)
                              build/Release/production/_ext/294023502/hw_timer.o (__aeabi_fadd)
c:/program files (x86)/atmel/studio/7.0/toolchain/arm/arm-gnu-toolchain/bin/../lib/gcc/arm-none-eabi/6.3.1/thumb/v6-m\libgcc.a(divsf3.o)
                              build/Release/production/_ext/294023502/hw_timer.o (__aeabi_fdiv)
c:/program files (x86)/atmel/studio/7.0/toolchain/arm/arm-gnu-toolchain/bin/../lib/gcc/arm-none-eabi/6.3.1/thumb/v6-m\libgcc.a(eqsf2.o)
                              c:/program files (x86)/atmel/studio/7.0/toolchain/arm/arm-gnu-toolchain/bin/../lib/gcc/arm-none-eabi/6.3.1/thumb/v6-m\libgcc.a(_arm_cmpsf2.o) (__eqsf2)
c:/program files (x86)/atmel/studio/7.0/toolchain/arm/arm-gnu-toolchain/bin/../lib/gcc/arm-none-eabi/6.3.1/thumb/v6-m\libgcc.a(gesf2.o)
                              c:/program files (x86)/atmel/studio/7.0/toolchain/arm/arm-gnu-toolchain/bin/../lib/gcc/arm-none-eabi/6.3.1/thumb/v6-m\libgcc.a(_arm_cmpsf2.o) (__gesf2)
c:/program files (x86)/atmel/studio/7.0/toolchain/arm/arm-gnu-toolchain/bin/../lib/gcc/arm-none-eabi/6.3.1/thumb/v6-m\libgcc.a(lesf2.o)
                              c:/program files (x86)/atmel/studio/7.0/toolchain/arm/arm-gnu-toolchain/bin/../lib/gcc/arm-none-eabi/6.3.1/thumb/v6-m\libgcc.a(_arm_cmpsf2.o) (__lesf2)
c:/program files (x86)/atmel/studio/7.0/toolchain/arm/arm-gnu-toolchain/bin/../lib/gcc/arm-none-eabi/6.3.1/thumb/v6-m\libgcc.a(subsf3.o)
                              build/Release/production/_ext/294023502/hw_timer.o (__aeabi_fsub)
c:/program files (x86)/atmel/studio/7.0/toolchain/arm/arm-gnu-toolchain/bin/../lib/gcc/arm-none-eabi/6.3.1/thumb/v6-m\libgcc.a(fixsfsi.o)
                              c:/program files (x86)/atmel/studio/7.0/toolchain/arm/arm-gnu-toolchain/bin/../lib/gcc/arm-none-eabi/6.3.1/thumb/v6-m\libgcc.a(_fixunssfsi.o) (__aeabi_f2iz)
c:/program files (x86)/atmel/studio/7.0/toolchain/arm/arm-gnu-toolchain/bin/../lib/gcc/arm-none-eabi/6.3.1/thumb/v6-m\libgcc.a(floatunsisf.o)
                              build/Release/production/_ext/294023502/hw_timer.o (__aeabi_ui2f)
c:/program files (x86)/atmel/studio/7.0/toolchain/arm/arm-gnu-toolchain/bin/../lib/gcc/arm-none-eabi/6.3.1/thumb/v6-m\libgcc.a(adddf3.o)
                              build/Release/production/_ext/992430548/i2c_master.o (__aeabi_dadd)
c:/program files (x86)/atmel/studio/7.0/toolchain/arm/arm-gnu-toolchain/bin/../lib/gcc/arm-none-eabi/6.3.1/thumb/v6-m\libgcc.a(divdf3.o)
                              build/Release/production/_ext/992430548/i2c_master.o (__aeabi_ddiv)
c:/program files (x86)/atmel/studio/7.0/toolchain/arm/arm-gnu-toolchain/bin/../lib/gcc/arm-none-eabi/6.3.1/thumb/v6-m\libgcc.a(muldf3.o)
                              build/Release/production/_ext/992430548/i2c_master.o (__aeabi_dmul)
c:/program files (x86)/atmel/studio/7.0/toolchain/arm/arm-gnu-toolchain/bin/../lib/gcc/arm-none-eabi/6.3.1/thumb/v6-m\libgcc.a(subdf3.o)
                              build/Release/production/_ext/992430548/i2c_master.o (__aeabi_dsub)
[...]
Memory Configuration

Name             Origin             Length             Attributes
rom              0x00000000         0x00040000         xr
ram              0x20000000         0x00008000         xrw
*default*        0x00000000         0xffffffff

Linker script and memory map

LOAD c:/program files (x86)/atmel/studio/7.0/toolchain/arm/arm-gnu-toolchain/bin/../lib/gcc/arm-none-eabi/6.3.1/thumb/v6-m/crti.o
LOAD c:/program files (x86)/atmel/studio/7.0/toolchain/arm/arm-gnu-toolchain/bin/../lib/gcc/arm-none-eabi/6.3.1/thumb/v6-m/crtbegin.o
LOAD c:/program files (x86)/atmel/studio/7.0/toolchain/arm/arm-gnu-toolchain/bin/../lib/gcc/arm-none-eabi/6.3.1/../../../../arm-none-eabi/lib/thumb/v6-m/crt0.o
LOAD build/Release/production/_ext/949655971/ssd1306.o
LOAD build/Release/production/_ext/2004935951/systick_counter.o
LOAD build/Release/production/_ext/1656467811/gfx_mono_framebuffer.o
LOAD build/Release/production/_ext/1656467811/gfx_mono_generic.o
LOAD build/Release/production/_ext/1656467811/gfx_mono_spinctrl.o
LOAD build/Release/production/_ext/1656467811/gfx_mono_text.o
LOAD build/Release/production/_ext/1656467811/gfx_mono_ug_2832hsweg04.o
LOAD build/Release/production/_ext/1656467811/sysfont.o
LOAD build/Release/production/_ext/1939168694/interrupt_sam_nvic.o
LOAD build/Release/production/_ext/1350218445/board_init.o
LOAD build/Release/production/_ext/629492261/extint_callback.o
LOAD build/Release/production/_ext/559814147/extint.o
LOAD build/Release/production/_ext/2106479848/nvm.o
LOAD build/Release/production/_ext/876312722/port.o
LOAD build/Release/production/_ext/1834056647/rtc_count.o
LOAD build/Release/production/_ext/1834056647/rtc_count_interrupt.o
LOAD build/Release/production/_ext/992430548/i2c_master.o
LOAD build/Release/production/_ext/246296370/sercom.o
LOAD build/Release/production/_ext/246296370/sercom_interrupt.o
LOAD build/Release/production/_ext/1599591659/spi.o
LOAD build/Release/production/_ext/388775292/usart.o
LOAD build/Release/production/_ext/388775292/usart_interrupt.o
LOAD build/Release/production/_ext/1900123450/clock.o
LOAD build/Release/production/_ext/1900123450/gclk.o
LOAD build/Release/production/_ext/1234282992/system_interrupt.o
LOAD build/Release/production/_ext/980481618/pinmux.o
LOAD build/Release/production/_ext/227780132/system.o
LOAD build/Release/production/_ext/760687460/tc_interrupt.o
LOAD build/Release/production/_ext/1281927709/tc.o
LOAD build/Release/production/_ext/386045837/startup_samr21.o
LOAD build/Release/production/_ext/2084470165/system_samr21.o
LOAD build/Release/production/_ext/1312133662/read.o
LOAD build/Release/production/_ext/1312133662/write.o
LOAD build/Release/production/_ext/1284275751/syscalls.o
LOAD build/Release/production/_ext/679194198/sio2host.o
LOAD build/Release/production/_ext/606001575/lcd.o
LOAD build/Release/production/_ext/276232701/fakePds.o
LOAD build/Release/production/_ext/1033996233/D_Nv.o
LOAD build/Release/production/_ext/541830287/D_XNv-SamR21.o
LOAD build/Release/production/_ext/541830287/S_Nv-External.o
LOAD build/Release/production/_ext/541830287/S_XNv.o
LOAD build/Release/production/_ext/1033996233/S_Nv-SamR21.o
LOAD build/Release/production/_ext/1033996502/wlPdsDataServer.o
LOAD build/Release/production/_ext/1033996502/wlPdsInit.o
LOAD build/Release/production/_ext/1033996502/wlPdsTaskManager.o
LOAD build/Release/production/_ext/1033996502/wlPdsTypesConverter.o
LOAD build/Release/production/_ext/618169834/sleep_mgr.o
LOAD build/Release/production/_ext/519960650/mimac_at86rf.o
LOAD build/Release/production/_ext/2007916678/phy.o
LOAD build/Release/production/_ext/1484681269/miwi_p2p_pds.o
LOAD build/Release/production/_ext/1484681269/miwi_p2p_star.o
LOAD build/Release/production/_ext/1247473316/mimem.o
LOAD build/Release/production/_ext/1247473316/miqueue.o
LOAD build/Release/production/_ext/1247473316/sysTimer.o
LOAD build/Release/production/_ext/294023502/hw_timer.o
LOAD build/Release/production/_ext/744499385/edbg-eui.o
LOAD build/Release/production/_ext/1691084554/sam_nvm.o
LOAD build/Release/production/_ext/1592874582/sal.o
LOAD build/Release/production/_ext/1248978276/trx_access.o
LOAD build/Release/production/_ext/1360937237/demo_output.o
LOAD build/Release/production/_ext/1360937237/main.o
LOAD build/Release/production/_ext/1360937237/star_demo.o
LOAD build/Release/production/_ext/1360937237/task.o
                0x00000001                __MPLAB_BUILD = 0x1
LOAD ../src/ASF/thirdparty/wireless/services/common_hw_timer/sam0/lib\libsam0_lib_hw_timer.a
LOAD ../src/ASF/thirdparty/CMSIS/Lib/GCC\libarm_cortexM0l_math.a
LOAD c:/program files (x86)/atmel/studio/7.0/toolchain/arm/arm-gnu-toolchain/bin/../lib/gcc/arm-none-eabi/6.3.1/../../../../arm-none-eabi/lib/thumb/v6-m\libm.a
START GROUP
LOAD c:/program files (x86)/atmel/studio/7.0/toolchain/arm/arm-gnu-toolchain/bin/../lib/gcc/arm-none-eabi/6.3.1/thumb/v6-m\libgcc.a
LOAD c:/program files (x86)/atmel/studio/7.0/toolchain/arm/arm-gnu-toolchain/bin/../lib/gcc/arm-none-eabi/6.3.1/../../../../arm-none-eabi/lib/thumb/v6-m\libc_nano.a
END GROUP
START GROUP
LOAD c:/program files (x86)/atmel/studio/7.0/toolchain/arm/arm-gnu-toolchain/bin/../lib/gcc/arm-none-eabi/6.3.1/thumb/v6-m\libgcc.a
LOAD c:/program files (x86)/atmel/studio/7.0/toolchain/arm/arm-gnu-toolchain/bin/../lib/gcc/arm-none-eabi/6.3.1/../../../../arm-none-eabi/lib/thumb/v6-m\libc_nano.a
END GROUP
LOAD c:/program files (x86)/atmel/studio/7.0/toolchain/arm/arm-gnu-toolchain/bin/../lib/gcc/arm-none-eabi/6.3.1/thumb/v6-m/crtend.o
LOAD c:/program files (x86)/atmel/studio/7.0/toolchain/arm/arm-gnu-toolchain/bin/../lib/gcc/arm-none-eabi/6.3.1/thumb/v6-m/crtn.o
                0x00000e00                STACK_SIZE = DEFINED (STACK_SIZE)?STACK_SIZE:DEFINED (__stack_size__)?__stack_size__:0xe00

.text           0x00000000    0x15168
                0x00000000                . = ALIGN (0x4)
                0x00000000                _sfixed = .
 *(.vectors .vectors.*)
 .vectors       0x00000000       0xb4 build/Release/production/_ext/386045837/startup_samr21.o
                0x00000000                exception_table
                0x00002100                . = ALIGN (0x2100)
 *fill*         0x000000b4     0x204c 
                0x00002100                PROVIDE (__d_nv_mem_start, .)
 FILL mask 0xffffffff
                0x00006100                . = ALIGN (0x6100)
 *fill*         0x00002100     0x4000 ffffffff
                [!provide]                PROVIDE (__d_nv_mem_end, .)
                0x00006100                PROVIDE (__pds_ff_start, .)
 *(.pds_ff)
 .pds_ff        0x00006100       0x90 build/Release/production/_ext/1484681269/miwi_p2p_pds.o
                0x00006100                pds_ff_PDS_MYINDEX_ID
                0x00006110                pds_ff_PDS_ROLE_ID
                0x00006120                pds_ff_PDS_EDC_ID
                0x00006130                pds_ff_PDS_CONNECTION_TABLE_ID
                0x00006140                pds_ff_PDS_CONNECTION_MODE_ID
                0x00006150                pds_ff_PDS_CURRENT_CHANNEL_ID
                0x00006160                pds_ff_PDS_LONGADDR_ID
                0x00006170                pds_ff_PDS_PANID_ID
                0x00006180                pds_ff_PDS_OUTGOING_FRAME_COUNTER_ID
                [!provide]                PROVIDE (__pds_ff_end, .)
                0x00006190                PROVIDE (__pds_fd_start, .)
 *(.pds_fd)
 .pds_fd        0x00006190        0x8 build/Release/production/_ext/1484681269/miwi_p2p_pds.o
                0x00006190                MiWiFullParamsDirDescr
                [!provide]                PROVIDE (__pds_fd_end, .)
 *(.text .text.* .gnu.linkonce.t.*)
 .text          0x00006198       0x60 c:/program files (x86)/atmel/studio/7.0/toolchain/arm/arm-gnu-toolchain/bin/../lib/gcc/arm-none-eabi/6.3.1/thumb/v6-m/crtbegin.o
 .text.delay_init
                0x000061f8       0x40 build/Release/production/_ext/2004935951/systick_counter.o
                0x000061f8                delay_init
 .text.delay_cycles_us
                0x00006238       0x30 build/Release/production/_ext/2004935951/systick_counter.o
                0x00006238                delay_cycles_us
 .text.delay_cycles_ms
                0x00006268       0x30 build/Release/production/_ext/2004935951/systick_counter.o
                0x00006268                delay_cycles_ms
 .text.cpu_irq_enter_critical
                0x00006298       0x3c build/Release/production/_ext/1939168694/interrupt_sam_nvic.o
                0x00006298                cpu_irq_enter_critical
 .text.cpu_irq_leave_critical
                0x000062d4       0x30 build/Release/production/_ext/1939168694/interrupt_sam_nvic.o
                0x000062d4                cpu_irq_leave_critical
 .text.system_board_init
                0x00006304       0xcc build/Release/production/_ext/1350218445/board_init.o
                0x00006304                board_init
                0x00006304                system_board_init
 .text.extint_register_callback
                0x000063d0       0x28 build/Release/production/_ext/629492261/extint_callback.o
                0x000063d0                extint_register_callback
 .text.extint_chan_enable_callback
                0x000063f8       0x24 build/Release/production/_ext/629492261/extint_callback.o
                0x000063f8                extint_chan_enable_callback
 .text.extint_chan_disable_callback
                0x0000641c       0x24 build/Release/production/_ext/629492261/extint_callback.o
                0x0000641c                extint_chan_disable_callback
 .text.EIC_Handler
                0x00006440       0x40 build/Release/production/_ext/629492261/extint_callback.o
                0x00006440                EIC_Handler
 .text._system_extint_init
                0x00006480       0x74 build/Release/production/_ext/559814147/extint.o
                0x00006480                _system_extint_init
 .text.extint_chan_get_config_defaults
                0x000064f4       0x14 build/Release/production/_ext/559814147/extint.o
                0x000064f4                extint_chan_get_config_defaults
 .text.extint_chan_set_config
                0x00006508       0x78 build/Release/production/_ext/559814147/extint.o
                0x00006508                extint_chan_set_config
 .text.nvm_set_config
                0x00006580       0x80 build/Release/production/_ext/2106479848/nvm.o
                0x00006580                nvm_set_config
 .text.nvm_write_buffer
                0x00006600       0xe8 build/Release/production/_ext/2106479848/nvm.o
                0x00006600                nvm_write_buffer
 .text.nvm_erase_row
                0x000066e8       0x58 build/Release/production/_ext/2106479848/nvm.o
                0x000066e8                nvm_erase_row
 .text.port_pin_set_config
                0x00006740       0x24 build/Release/production/_ext/876312722/port.o
                0x00006740                port_pin_set_config
 .text.RTC_Handler
                0x00006764       0x5c build/Release/production/_ext/1834056647/rtc_count_interrupt.o
                0x00006764                RTC_Handler
 .text._i2c_master_write_packet
                0x000067c0      0x184 build/Release/production/_ext/992430548/i2c_master.o
 .text._i2c_master_read_packet
                0x00006944      0x2a4 build/Release/production/_ext/992430548/i2c_master.o
 .text.i2c_master_init
                0x00006be8      0x2dc build/Release/production/_ext/992430548/i2c_master.o
                0x00006be8                i2c_master_init
 .text.i2c_master_reset
                0x00006ec4       0x30 build/Release/production/_ext/992430548/i2c_master.o
                0x00006ec4                i2c_master_reset
 .text.i2c_master_read_packet_wait
                0x00006ef4       0x14 build/Release/production/_ext/992430548/i2c_master.o
                0x00006ef4                i2c_master_read_packet_wait
 .text.i2c_master_write_packet_wait_no_stop
                0x00006f08       0x14 build/Release/production/_ext/992430548/i2c_master.o
                0x00006f08                i2c_master_write_packet_wait_no_stop
 .text._sercom_get_sync_baud_val
                0x00006f1c       0x28 build/Release/production/_ext/246296370/sercom.o
                0x00006f1c                _sercom_get_sync_baud_val
 .text._sercom_get_async_baud_val
                0x00006f44      0x268 build/Release/production/_ext/246296370/sercom.o
                0x00006f44                _sercom_get_async_baud_val
 .text.sercom_set_gclk_generator
                0x000071ac       0x48 build/Release/production/_ext/246296370/sercom.o
                0x000071ac                sercom_set_gclk_generator
 .text._sercom_get_default_pad
                0x000071f4      0x160 build/Release/production/_ext/246296370/sercom.o
                0x000071f4                _sercom_get_default_pad
 .text._sercom_get_sercom_inst_index
                0x00007354       0x64 build/Release/production/_ext/246296370/sercom.o
                0x00007354                _sercom_get_sercom_inst_index
 .text._sercom_default_handler
                0x000073b8        0x4 build/Release/production/_ext/246296370/sercom_interrupt.o
 .text._sercom_set_handler
                0x000073bc       0x48 build/Release/production/_ext/246296370/sercom_interrupt.o
                0x000073bc                _sercom_set_handler
 .text._sercom_get_interrupt_vector
                0x00007404       0x30 build/Release/production/_ext/246296370/sercom_interrupt.o
                0x00007404                _sercom_get_interrupt_vector
 .text.SERCOM0_Handler
                0x00007434       0x10 build/Release/production/_ext/246296370/sercom_interrupt.o
                0x00007434                SERCOM0_Handler
 .text.SERCOM1_Handler
                0x00007444       0x10 build/Release/production/_ext/246296370/sercom_interrupt.o
                0x00007444                SERCOM1_Handler
 .text.SERCOM2_Handler
                0x00007454       0x10 build/Release/production/_ext/246296370/sercom_interrupt.o
                0x00007454                SERCOM2_Handler
 .text.SERCOM3_Handler
                0x00007464       0x10 build/Release/production/_ext/246296370/sercom_interrupt.o
                0x00007464                SERCOM3_Handler
 .text.SERCOM4_Handler
                0x00007474       0x10 build/Release/production/_ext/246296370/sercom_interrupt.o
                0x00007474                SERCOM4_Handler
 .text.SERCOM5_Handler
                0x00007484       0x10 build/Release/production/_ext/246296370/sercom_interrupt.o
                0x00007484                SERCOM5_Handler
 .text.spi_init
                0x00007494      0x41c build/Release/production/_ext/1599591659/spi.o
                0x00007494                spi_init
 .text.spi_select_slave
                0x000078b0       0xd4 build/Release/production/_ext/1599591659/spi.o
                0x000078b0                spi_select_slave
 .text.usart_init
                0x00007984      0x334 build/Release/production/_ext/388775292/usart.o
                0x00007984                usart_init
 .text.usart_write_wait
                0x00007cb8       0x24 build/Release/production/_ext/388775292/usart.o
                0x00007cb8                usart_write_wait
 .text.usart_read_wait
                0x00007cdc       0x6c build/Release/production/_ext/388775292/usart.o
                0x00007cdc                usart_read_wait
 .text.usart_write_buffer_wait
                0x00007d48       0xb8 build/Release/production/_ext/388775292/usart.o
                0x00007d48                usart_write_buffer_wait
 .text.usart_read_buffer_wait
                0x00007e00      0x104 build/Release/production/_ext/388775292/usart.o
                0x00007e00                usart_read_buffer_wait
 .text._usart_interrupt_handler
                0x00007f04      0x190 build/Release/production/_ext/388775292/usart_interrupt.o
                0x00007f04                _usart_interrupt_handler
 .text.system_clock_source_get_hz
                0x00008094       0x90 build/Release/production/_ext/1900123450/clock.o
                0x00008094                system_clock_source_get_hz
 .text.system_clock_source_dfll_set_config
                0x00008124       0x7c build/Release/production/_ext/1900123450/clock.o
                0x00008124                system_clock_source_dfll_set_config
 .text.system_clock_init
                0x000081a0      0x21c build/Release/production/_ext/1900123450/clock.o
                0x000081a0                system_clock_init
 .text.system_gclk_init
                0x000083bc       0x24 build/Release/production/_ext/1900123450/gclk.o
                0x000083bc                system_gclk_init
 .text.system_gclk_gen_set_config
                0x000083e0       0xb4 build/Release/production/_ext/1900123450/gclk.o
                0x000083e0                system_gclk_gen_set_config
 .text.system_gclk_gen_enable
                0x00008494       0x40 build/Release/production/_ext/1900123450/gclk.o
                0x00008494                system_gclk_gen_enable
 .text.system_gclk_gen_get_hz
                0x000084d4       0x88 build/Release/production/_ext/1900123450/gclk.o
                0x000084d4                system_gclk_gen_get_hz
 .text.system_gclk_chan_set_config
                0x0000855c       0x64 build/Release/production/_ext/1900123450/gclk.o
                0x0000855c                system_gclk_chan_set_config
 .text.system_gclk_chan_enable
                0x000085c0       0x30 build/Release/production/_ext/1900123450/gclk.o
                0x000085c0                system_gclk_chan_enable
 .text.system_gclk_chan_get_hz
                0x000085f0       0x98 build/Release/production/_ext/1900123450/gclk.o
                0x000085f0                system_gclk_chan_get_hz
 .text.system_pinmux_pin_set_config
                0x00008688       0xd0 build/Release/production/_ext/980481618/pinmux.o
                0x00008688                system_pinmux_pin_set_config
 .text._system_dummy_init
                0x00008758        0x4 build/Release/production/_ext/227780132/system.o
                0x00008758                _system_events_init
                0x00008758                _system_dummy_init
                0x00008758                _system_divas_init
 .text.system_init
                0x0000875c       0x2c build/Release/production/_ext/227780132/system.o
                0x0000875c                system_init
 .text.tc_register_callback
                0x00008788       0x34 build/Release/production/_ext/760687460/tc_interrupt.o
                0x00008788                tc_register_callback
 .text.TC3_Handler
                0x000087bc       0x60 build/Release/production/_ext/760687460/tc_interrupt.o
                0x000087bc                TC3_Handler
 .text.TC4_Handler
                0x0000881c       0x60 build/Release/production/_ext/760687460/tc_interrupt.o
                0x0000881c                TC4_Handler
 .text.TC5_Handler
                0x0000887c       0x60 build/Release/production/_ext/760687460/tc_interrupt.o
                0x0000887c                TC5_Handler
 .text._tc_get_inst_index
                0x000088dc       0x40 build/Release/production/_ext/1281927709/tc.o
                0x000088dc                _tc_get_inst_index
 .text.tc_init  0x0000891c      0x2c0 build/Release/production/_ext/1281927709/tc.o
                0x0000891c                tc_init
 .text.tc_get_count_value
                0x00008bdc       0x2c build/Release/production/_ext/1281927709/tc.o
                0x00008bdc                tc_get_count_value
 .text.tc_set_compare_value
                0x00008c08       0x50 build/Release/production/_ext/1281927709/tc.o
                0x00008c08                tc_set_compare_value
 .text.Dummy_Handler
                0x00008c58        0x4 build/Release/production/_ext/386045837/startup_samr21.o
                0x00008c58                DMAC_Handler
                0x00008c58                HardFault_Handler
                0x00008c58                AC_Handler
                0x00008c58                SysTick_Handler
                0x00008c58                PendSV_Handler
                0x00008c58                NMI_Handler
                0x00008c58                ADC_Handler
                0x00008c58                TCC1_Handler
                0x00008c58                TCC0_Handler
                0x00008c58                WDT_Handler
                0x00008c58                USB_Handler
                0x00008c58                Dummy_Handler
                0x00008c58                PM_Handler
                0x00008c58                SVC_Handler
                0x00008c58                TCC2_Handler
                0x00008c58                EVSYS_Handler
                0x00008c58                NVMCTRL_Handler
                0x00008c58                PTC_Handler
                0x00008c58                SYSCTRL_Handler
 .text.Reset_Handler
                0x00008c5c       0xd4 build/Release/production/_ext/386045837/startup_samr21.o
                0x00008c5c                Reset_Handler
 .text._read    0x00008d30       0x44 build/Release/production/_ext/1312133662/read.o
                0x00008d30                _read
 .text._write   0x00008d74       0x48 build/Release/production/_ext/1312133662/write.o
                0x00008d74                _write
 .text._sbrk    0x00008dbc       0x1c build/Release/production/_ext/1284275751/syscalls.o
                0x00008dbc                _sbrk
 .text._close   0x00008dd8        0x8 build/Release/production/_ext/1284275751/syscalls.o
                0x00008dd8                _close
 .text._fstat   0x00008de0        0xc build/Release/production/_ext/1284275751/syscalls.o
                0x00008de0                _fstat
 .text._isatty  0x00008dec        0x4 build/Release/production/_ext/1284275751/syscalls.o
                0x00008dec                _isatty
 .text._lseek   0x00008df0        0x4 build/Release/production/_ext/1284275751/syscalls.o
                0x00008df0                _lseek
 .text.usart_serial_getchar
                0x00008df4       0x28 build/Release/production/_ext/679194198/sio2host.o
 .text.usart_serial_putchar
                0x00008e1c       0x18 build/Release/production/_ext/679194198/sio2host.o
 .text.USART_HOST_ISR_VECT
                0x00008e34       0x58 build/Release/production/_ext/679194198/sio2host.o
                0x00008e34                USART_HOST_ISR_VECT
 .text.sio2host_init
                0x00008e8c      0x13c build/Release/production/_ext/679194198/sio2host.o
                0x00008e8c                sio2host_init
 .text.sio2host_tx
                0x00008fc8       0x34 build/Release/production/_ext/679194198/sio2host.o
                0x00008fc8                sio2host_tx
 .text.sio2host_putchar
                0x00008ffc       0x28 build/Release/production/_ext/679194198/sio2host.o
                0x00008ffc                sio2host_putchar
 .text.D_Nv_Init
                0x00009024        0x4 build/Release/production/_ext/1033996233/D_Nv.o
                0x00009024                D_Nv_Init
 .text.D_Nv_Read_Impl
                0x00009028       0x20 build/Release/production/_ext/1033996233/D_Nv.o
                0x00009028                D_Nv_Read_Impl
 .text.D_Nv_Write_Impl
                0x00009048       0xe8 build/Release/production/_ext/1033996233/D_Nv.o
                0x00009048                D_Nv_Write_Impl
 .text.D_Nv_EraseSector_Impl
                0x00009130       0x2c build/Release/production/_ext/1033996233/D_Nv.o
                0x00009130                D_Nv_EraseSector_Impl
 .text.D_Nv_IsEmpty_Impl
                0x0000915c       0x60 build/Release/production/_ext/1033996233/D_Nv.o
                0x0000915c                D_Nv_IsEmpty_Impl
 .text.D_Nv_IsEqual_Impl
                0x000091bc       0x70 build/Release/production/_ext/1033996233/D_Nv.o
                0x000091bc                D_Nv_IsEqual_Impl
 .text.eraseSectorTimerFired
                0x0000922c       0x28 build/Release/production/_ext/1033996233/S_Nv-SamR21.o
 .text.ComputeDataCrc
                0x00009254      0x168 build/Release/production/_ext/1033996233/S_Nv-SamR21.o
 .text.WriteSectorHeader
                0x000093bc       0xa0 build/Release/production/_ext/1033996233/S_Nv-SamR21.o
 .text.WriteDataBlockAndHeader
                0x0000945c      0x1cc build/Release/production/_ext/1033996233/S_Nv-SamR21.o
 .text.CompactSector
                0x00009628      0x620 build/Release/production/_ext/1033996233/S_Nv-SamR21.o
 .text.compactSectorTimerFired
                0x00009c48       0x20 build/Release/production/_ext/1033996233/S_Nv-SamR21.o
 .text.CompactItem.part.4
                0x00009c68      0x398 build/Release/production/_ext/1033996233/S_Nv-SamR21.o
 .text.compactItemTimerFired
                0x0000a000       0x90 build/Release/production/_ext/1033996233/S_Nv-SamR21.o
 .text.S_Nv_EarlyInit
                0x0000a090      0xd14 build/Release/production/_ext/1033996233/S_Nv-SamR21.o
                0x0000a090                S_Nv_EarlyInit
 .text.S_Nv_Init
                0x0000ada4       0x34 build/Release/production/_ext/1033996233/S_Nv-SamR21.o
                0x0000ada4                S_Nv_Init
 .text.S_Nv_ItemInit_Impl
                0x0000add8      0x2ac build/Release/production/_ext/1033996233/S_Nv-SamR21.o
                0x0000add8                S_Nv_ItemInit_Impl
 .text.S_Nv_Write_Impl
                0x0000b084      0x17c build/Release/production/_ext/1033996233/S_Nv-SamR21.o
                0x0000b084                S_Nv_Write_Impl
 .text.S_Nv_ItemLength_Impl
                0x0000b200       0x60 build/Release/production/_ext/1033996233/S_Nv-SamR21.o
                0x0000b200                S_Nv_ItemLength_Impl
 .text.S_Nv_IsItemAvailable_Impl
                0x0000b260       0x44 build/Release/production/_ext/1033996233/S_Nv-SamR21.o
                0x0000b260                S_Nv_IsItemAvailable_Impl
 .text.PDS_Restore
                0x0000b2a4      0x154 build/Release/production/_ext/1033996502/wlPdsDataServer.o
                0x0000b2a4                PDS_Restore
 .text.PDS_Store
                0x0000b3f8       0xbc build/Release/production/_ext/1033996502/wlPdsDataServer.o
                0x0000b3f8                PDS_Store
 .text.pdsStoreItemTaskHandler
                0x0000b4b4      0x1e0 build/Release/production/_ext/1033996502/wlPdsDataServer.o
                0x0000b4b4                pdsStoreItemTaskHandler
 .text.PDS_IsAbleToRestore
                0x0000b694      0x21c build/Release/production/_ext/1033996502/wlPdsDataServer.o
                0x0000b694                PDS_IsAbleToRestore
 .text.PDS_Init
                0x0000b8b0       0x14 build/Release/production/_ext/1033996502/wlPdsInit.o
                0x0000b8b0                PDS_Init
 .text.PDS_InitItems
                0x0000b8c4       0x3c build/Release/production/_ext/1033996502/wlPdsInit.o
                0x0000b8c4                PDS_InitItems
 .text.pdsPostTask
                0x0000b900       0x14 build/Release/production/_ext/1033996502/wlPdsTaskManager.o
                0x0000b900                pdsPostTask
 .text.PDS_TaskHandler
                0x0000b914       0x38 build/Release/production/_ext/1033996502/wlPdsTaskManager.o
                0x0000b914                PDS_TaskHandler
 .text.pdsUpdateMemory
                0x0000b94c        0x4 build/Release/production/_ext/1033996502/wlPdsTypesConverter.o
                0x0000b94c                pdsUpdateMemory
 .text.pdsGetItemDescr
                0x0000b950       0xf8 build/Release/production/_ext/1033996502/wlPdsTypesConverter.o
                0x0000b950                pdsGetItemDescr
 .text.pdsGetDirDescr
                0x0000ba48       0x34 build/Release/production/_ext/1033996502/wlPdsTypesConverter.o
                0x0000ba48                pdsGetDirDescr
 .text.PHY_DataConf
                0x0000ba7c       0x14 build/Release/production/_ext/519960650/mimac_at86rf.o
                0x0000ba7c                PHY_DataConf
 .text.MiMAC_SetAltAddress
                0x0000ba90       0x38 build/Release/production/_ext/519960650/mimac_at86rf.o
                0x0000ba90                MiMAC_SetAltAddress
 .text.mic_generator
                0x0000bac8      0x1b4 build/Release/production/_ext/519960650/mimac_at86rf.o
                0x0000bac8                mic_generator
 .text.DataEncrypt
                0x0000bc7c      0x2a0 build/Release/production/_ext/519960650/mimac_at86rf.o
                0x0000bc7c                DataEncrypt
 .text.DataDecrypt
                0x0000bf1c      0x414 build/Release/production/_ext/519960650/mimac_at86rf.o
                0x0000bf1c                DataDecrypt
 .text.MiMAC_Set
                0x0000c330       0x28 build/Release/production/_ext/519960650/mimac_at86rf.o
                0x0000c330                MiMAC_Set
 .text.MiMAC_Init
                0x0000c358       0xa0 build/Release/production/_ext/519960650/mimac_at86rf.o
                0x0000c358                MiMAC_Init
 .text.MiMAC_SendPacket
                0x0000c3f8      0x3d8 build/Release/production/_ext/519960650/mimac_at86rf.o
                0x0000c3f8                MiMAC_SendPacket
 .text.MiMAC_DiscardPacket
                0x0000c7d0       0x1c build/Release/production/_ext/519960650/mimac_at86rf.o
                0x0000c7d0                MiMAC_DiscardPacket
 .text.MiMAC_ReceivedPacket
                0x0000c7ec      0x400 build/Release/production/_ext/519960650/mimac_at86rf.o
                0x0000c7ec                MiMAC_ReceivedPacket
 .text.MiMAC_SymbolToTicks
                0x0000cbec        0x4 build/Release/production/_ext/519960650/mimac_at86rf.o
                0x0000cbec                MiMAC_SymbolToTicks
 .text.MiMAC_Task
                0x0000cbf0       0x44 build/Release/production/_ext/519960650/mimac_at86rf.o
                0x0000cbf0                MiMAC_Task
 .text.PHY_DataReq
                0x0000cc34       0x3c build/Release/production/_ext/2007916678/phy.o
                0x0000cc34                PHY_DataReq
 .text.PHY_RandomReq
                0x0000cc70      0x114 build/Release/production/_ext/2007916678/phy.o
                0x0000cc70                PHY_RandomReq
 .text.PHY_Init
                0x0000cd84       0x54 build/Release/production/_ext/2007916678/phy.o
                0x0000cd84                PHY_Init
 .text.PHY_SetRxState
                0x0000cdd8       0xa8 build/Release/production/_ext/2007916678/phy.o
                0x0000cdd8                PHY_SetRxState
 .text.PHY_SetChannel
                0x0000ce80       0xcc build/Release/production/_ext/2007916678/phy.o
                0x0000ce80                PHY_SetChannel
 .text.PHY_SetPanId
                0x0000cf4c       0x20 build/Release/production/_ext/2007916678/phy.o
                0x0000cf4c                PHY_SetPanId
 .text.PHY_SetShortAddr
                0x0000cf6c       0x2c build/Release/production/_ext/2007916678/phy.o
                0x0000cf6c                PHY_SetShortAddr
 .text.PHY_EncryptReq
                0x0000cf98       0x2c build/Release/production/_ext/2007916678/phy.o
                0x0000cf98                PHY_EncryptReq
 .text.PHY_SetIEEEAddr
                0x0000cfc4       0x20 build/Release/production/_ext/2007916678/phy.o
                0x0000cfc4                PHY_SetIEEEAddr
 .text.PHY_TaskHandler
                0x0000cfe4      0x260 build/Release/production/_ext/2007916678/phy.o
                0x0000cfe4                PHY_TaskHandler
 .text.CommandConfCallback
                0x0000d244       0x10 build/Release/production/_ext/1484681269/miwi_p2p_star.o
 .text.frameTxCallback
                0x0000d254       0x30 build/Release/production/_ext/1484681269/miwi_p2p_star.o
 .text.dataTimerHandler
                0x0000d284       0x94 build/Release/production/_ext/1484681269/miwi_p2p_star.o
 .text.linkStatusConfCallback
                0x0000d318       0x54 build/Release/production/_ext/1484681269/miwi_p2p_star.o
 .text.MiApp_BroadcastConnectionTable
                0x0000d36c      0x1a8 build/Release/production/_ext/1484681269/miwi_p2p_star.o
 .text.connectionRespConfCallback
                0x0000d514       0x18 build/Release/production/_ext/1484681269/miwi_p2p_star.o
 .text.sendConnectionRequest.part.2
                0x0000d52c       0x8c build/Release/production/_ext/1484681269/miwi_p2p_star.o
 .text.connReqConfCallback
                0x0000d5b8       0x6c build/Release/production/_ext/1484681269/miwi_p2p_star.o
 .text.appAckWaitDataCallback
                0x0000d624      0x1c0 build/Release/production/_ext/1484681269/miwi_p2p_star.o
                0x0000d624                appAckWaitDataCallback
 .text.macAckOnlyDataCallback
                0x0000d7e4      0x11c build/Release/production/_ext/1484681269/miwi_p2p_star.o
                0x0000d7e4                macAckOnlyDataCallback
 .text.MiApp_ProtocolInit
                0x0000d900      0x208 build/Release/production/_ext/1484681269/miwi_p2p_star.o
                0x0000d900                MiApp_ProtocolInit
 .text.MiApp_Set
                0x0000db08       0x30 build/Release/production/_ext/1484681269/miwi_p2p_star.o
                0x0000db08                MiApp_Set
 .text.MiApp_ConnectionMode
                0x0000db38       0x2c build/Release/production/_ext/1484681269/miwi_p2p_star.o
                0x0000db38                MiApp_ConnectionMode
 .text.MiApp_StartConnection
                0x0000db64       0xdc build/Release/production/_ext/1484681269/miwi_p2p_star.o
                0x0000db64                MiApp_StartConnection
 .text.MiApp_EstablishConnection
                0x0000dc40       0xb0 build/Release/production/_ext/1484681269/miwi_p2p_star.o
                0x0000dc40                MiApp_EstablishConnection
 .text.MiApp_RemoveConnection
                0x0000dcf0      0x178 build/Release/production/_ext/1484681269/miwi_p2p_star.o
                0x0000dcf0                MiApp_RemoveConnection
 .text.protocolTimerHandler
                0x0000de68      0x17c build/Release/production/_ext/1484681269/miwi_p2p_star.o
 .text.MiApp_SubscribeDataIndicationCallback
                0x0000dfe4       0x14 build/Release/production/_ext/1484681269/miwi_p2p_star.o
                0x0000dfe4                MiApp_SubscribeDataIndicationCallback
 .text.MiApp_SendData
                0x0000dff8      0x3cc build/Release/production/_ext/1484681269/miwi_p2p_star.o
                0x0000dff8                MiApp_SendData
 .text.AddConnection
                0x0000e3c4      0x1a0 build/Release/production/_ext/1484681269/miwi_p2p_star.o
                0x0000e3c4                AddConnection
 .text.isSameAddress
                0x0000e564       0x4c build/Release/production/_ext/1484681269/miwi_p2p_star.o
                0x0000e564                isSameAddress
 .text.frameTransmit
                0x0000e5b0       0xf0 build/Release/production/_ext/1484681269/miwi_p2p_star.o
                0x0000e5b0                frameTransmit
 .text.P2PTasks
                0x0000e6a0      0x9b0 build/Release/production/_ext/1484681269/miwi_p2p_star.o
                0x0000e6a0                P2PTasks
 .text.MiApp_SubscribeLinkFailureCallback
                0x0000f050       0x14 build/Release/production/_ext/1484681269/miwi_p2p_star.o
                0x0000f050                MiApp_SubscribeLinkFailureCallback
 .text.MiMem_Alloc
                0x0000f064       0xc8 build/Release/production/_ext/1247473316/mimem.o
                0x0000f064                MiMem_Alloc
 .text.MiMem_Free
                0x0000f12c       0x74 build/Release/production/_ext/1247473316/mimem.o
                0x0000f12c                MiMem_Free
 .text.MiMem_PercentageOfFreeBuffers
                0x0000f1a0       0x20 build/Release/production/_ext/1247473316/mimem.o
                0x0000f1a0                MiMem_PercentageOfFreeBuffers
 .text.miQueueInit
                0x0000f1c0        0xc build/Release/production/_ext/1247473316/miqueue.o
                0x0000f1c0                miQueueInit
 .text.miQueueAppend
                0x0000f1cc       0x38 build/Release/production/_ext/1247473316/miqueue.o
                0x0000f1cc                miQueueAppend
 .text.miQueueRemove
                0x0000f204       0x98 build/Release/production/_ext/1247473316/miqueue.o
                0x0000f204                miQueueRemove
 .text.SYS_HwExpiry_Cb
                0x0000f29c       0x20 build/Release/production/_ext/1247473316/sysTimer.o
 .text.SYS_HwOverflow_Cb
                0x0000f2bc       0x24 build/Release/production/_ext/1247473316/sysTimer.o
 .text.SYS_TimerInit
                0x0000f2e0       0x58 build/Release/production/_ext/1247473316/sysTimer.o
                0x0000f2e0                SYS_TimerInit
 .text.SYS_TimerStart
                0x0000f338       0x5c build/Release/production/_ext/1247473316/sysTimer.o
                0x0000f338                SYS_TimerStart
 .text.SYS_TimerStop
                0x0000f394       0x3c build/Release/production/_ext/1247473316/sysTimer.o
                0x0000f394                SYS_TimerStop
 .text.SYS_TimerStarted
                0x0000f3d0       0x1c build/Release/production/_ext/1247473316/sysTimer.o
                0x0000f3d0                SYS_TimerStarted
 .text.SYS_TimerTaskHandler
                0x0000f3ec       0xc8 build/Release/production/_ext/1247473316/sysTimer.o
                0x0000f3ec                SYS_TimerTaskHandler
 .text.MiWi_TickGet
                0x0000f4b4       0x48 build/Release/production/_ext/1247473316/sysTimer.o
                0x0000f4b4                MiWi_TickGet
 .text.MiWi_TickGetDiff
                0x0000f4fc        0xc build/Release/production/_ext/1247473316/sysTimer.o
                0x0000f4fc                MiWi_TickGetDiff
 .text.tc_cca_callback
                0x0000f508        0xc build/Release/production/_ext/294023502/hw_timer.o
 .text.tc_ovf_callback
                0x0000f514        0xc build/Release/production/_ext/294023502/hw_timer.o
 .text.tmr_read_count
                0x0000f520       0x14 build/Release/production/_ext/294023502/hw_timer.o
                0x0000f520                tmr_read_count
 .text.tmr_disable_cc_interrupt
                0x0000f534       0x14 build/Release/production/_ext/294023502/hw_timer.o
                0x0000f534                tmr_disable_cc_interrupt
 .text.tmr_enable_cc_interrupt
                0x0000f548       0x40 build/Release/production/_ext/294023502/hw_timer.o
                0x0000f548                tmr_enable_cc_interrupt
 .text.tmr_write_cmpreg
                0x0000f588       0x18 build/Release/production/_ext/294023502/hw_timer.o
                0x0000f588                tmr_write_cmpreg
 .text.tmr_init
                0x0000f5a0      0x10c build/Release/production/_ext/294023502/hw_timer.o
                0x0000f5a0                tmr_init
 .text.edbg_eui_read_eui64
                0x0000f6ac      0x178 build/Release/production/_ext/744499385/edbg-eui.o
                0x0000f6ac                edbg_eui_read_eui64
 .text.nvm_init
                0x0000f824       0x38 build/Release/production/_ext/1691084554/sam_nvm.o
                0x0000f824                nvm_init
 .text.sal_aes_setup
                0x0000f85c      0x17c build/Release/production/_ext/1592874582/sal.o
                0x0000f85c                sal_aes_setup
 .text.sal_aes_wrrd
                0x0000f9d8       0x74 build/Release/production/_ext/1592874582/sal.o
                0x0000f9d8                sal_aes_wrrd
 .text.sal_aes_read
                0x0000fa4c       0x14 build/Release/production/_ext/1592874582/sal.o
                0x0000fa4c                sal_aes_read
 .text.AT86RFX_ISR
                0x0000fa60       0x1c build/Release/production/_ext/1248978276/trx_access.o
                0x0000fa60                AT86RFX_ISR
 .text.trx_spi_init
                0x0000fa7c      0x11c build/Release/production/_ext/1248978276/trx_access.o
                0x0000fa7c                trx_spi_init
 .text.PhyReset
                0x0000fb98       0x30 build/Release/production/_ext/1248978276/trx_access.o
                0x0000fb98                PhyReset
 .text.trx_reg_read
                0x0000fbc8       0xfc build/Release/production/_ext/1248978276/trx_access.o
                0x0000fbc8                trx_reg_read
 .text.trx_reg_write
                0x0000fcc4      0x10c build/Release/production/_ext/1248978276/trx_access.o
                0x0000fcc4                trx_reg_write
 .text.trx_frame_read
                0x0000fdd0      0x13c build/Release/production/_ext/1248978276/trx_access.o
                0x0000fdd0                trx_frame_read
 .text.trx_frame_write
                0x0000ff0c      0x13c build/Release/production/_ext/1248978276/trx_access.o
                0x0000ff0c                trx_frame_write
 .text.trx_sram_write
                0x00010048      0x188 build/Release/production/_ext/1248978276/trx_access.o
                0x00010048                trx_sram_write
 .text.trx_sram_read
                0x000101d0      0x190 build/Release/production/_ext/1248978276/trx_access.o
                0x000101d0                trx_sram_read
 .text.trx_aes_wrrd
                0x00010360      0x21c build/Release/production/_ext/1248978276/trx_access.o
                0x00010360                trx_aes_wrrd
 .text.DemoOutput_Greeting
                0x0001057c       0x50 build/Release/production/_ext/1360937237/demo_output.o
                0x0001057c                DemoOutput_Greeting
 .text.demo_output_freezer_options
                0x000105cc        0x4 build/Release/production/_ext/1360937237/demo_output.o
                0x000105cc                demo_output_freezer_options
 .text.DemoOutput_Channel
                0x000105d0       0x38 build/Release/production/_ext/1360937237/demo_output.o
                0x000105d0                DemoOutput_Channel
 .text.DemoOutput_HandleMessage
                0x00010608       0xf4 build/Release/production/_ext/1360937237/demo_output.o
                0x00010608                DemoOutput_HandleMessage
 .text.DemoOutput_UpdateTxRx
                0x000106fc        0x4 build/Release/production/_ext/1360937237/demo_output.o
                0x000106fc                DemoOutput_UpdateTxRx
 .text.DemoOutput_ChannelError
                0x00010700       0x2c build/Release/production/_ext/1360937237/demo_output.o
                0x00010700                DemoOutput_ChannelError
 .text.Source_END_DEVICE_INFO
                0x0001072c       0x10 build/Release/production/_ext/1360937237/demo_output.o
                0x0001072c                Source_END_DEVICE_INFO
 .text.STAR_DEMO_OPTIONS_MESSAGE
                0x0001073c        0x4 build/Release/production/_ext/1360937237/demo_output.o
                0x0001073c                STAR_DEMO_OPTIONS_MESSAGE
 .text.ButtonPressed
                0x00010740       0x5c build/Release/production/_ext/1360937237/demo_output.o
                0x00010740                ButtonPressed
 .text.ReadMacAddress
                0x0001079c       0x34 build/Release/production/_ext/1360937237/main.o
                0x0001079c                ReadMacAddress
 .text.startup.main
                0x000107d0       0x7c build/Release/production/_ext/1360937237/main.o
                0x000107d0                main
 .text.dataConfcb
                0x0001084c       0x40 build/Release/production/_ext/1360937237/star_demo.o
 .text.run_star_demo
                0x0001088c      0x23c build/Release/production/_ext/1360937237/star_demo.o
                0x0001088c                run_star_demo
 .text.ReceivedDataIndication
                0x00010ac8       0x70 build/Release/production/_ext/1360937237/star_demo.o
                0x00010ac8                ReceivedDataIndication
 .text.EstablishConfirm
                0x00010b38       0x1c build/Release/production/_ext/1360937237/task.o
 .text.appLinkFailureCallback
                0x00010b54       0x30 build/Release/production/_ext/1360937237/task.o
 .text.Connection_Confirm
                0x00010b84      0x180 build/Release/production/_ext/1360937237/task.o
 .text.freezer_feature
                0x00010d04       0x38 build/Release/production/_ext/1360937237/task.o
                0x00010d04                freezer_feature
 .text.Initialize_Demo
                0x00010d3c      0x16c build/Release/production/_ext/1360937237/task.o
                0x00010d3c                Initialize_Demo
 .text.Run_Demo
                0x00010ea8       0x1c build/Release/production/_ext/1360937237/task.o
                0x00010ea8                Run_Demo
 .text.common_tc_read_count
                0x00010ec4       0x4c ../src/ASF/thirdparty/wireless/services/common_hw_timer/sam0/lib\libsam0_lib_hw_timer.a(common_hw_timer.o)
                0x00010ec4                common_tc_read_count
 .text.common_tc_delay
                0x00010f10       0x6c ../src/ASF/thirdparty/wireless/services/common_hw_timer/sam0/lib\libsam0_lib_hw_timer.a(common_hw_timer.o)
                0x00010f10                common_tc_delay
 .text.common_tc_init
                0x00010f7c       0x20 ../src/ASF/thirdparty/wireless/services/common_hw_timer/sam0/lib\libsam0_lib_hw_timer.a(common_hw_timer.o)
                0x00010f7c                common_tc_init
 .text.tmr_ovf_callback
                0x00010f9c       0x48 ../src/ASF/thirdparty/wireless/services/common_hw_timer/sam0/lib\libsam0_lib_hw_timer.a(common_hw_timer.o)
                0x00010f9c                tmr_ovf_callback
 .text.tmr_cca_callback
                0x00010fe4       0x1c ../src/ASF/thirdparty/wireless/services/common_hw_timer/sam0/lib\libsam0_lib_hw_timer.a(common_hw_timer.o)
                0x00010fe4                tmr_cca_callback
 .text.set_common_tc_overflow_callback
                0x00011000        0xc ../src/ASF/thirdparty/wireless/services/common_hw_timer/sam0/lib\libsam0_lib_hw_timer.a(common_hw_timer.o)
                0x00011000                set_common_tc_overflow_callback
 .text.set_common_tc_expiry_callback
                0x0001100c        0xc ../src/ASF/thirdparty/wireless/services/common_hw_timer/sam0/lib\libsam0_lib_hw_timer.a(common_hw_timer.o)
                0x0001100c                set_common_tc_expiry_callback
 .text          0x00011018      0x114 c:/program files (x86)/atmel/studio/7.0/toolchain/arm/arm-gnu-toolchain/bin/../lib/gcc/arm-none-eabi/6.3.1/thumb/v6-m\libgcc.a(_udivsi3.o)
                0x00011018                __aeabi_uidiv
                0x00011018                __udivsi3
                0x00011124                __aeabi_uidivmod
 .text          0x0001112c      0x1d4 c:/program files (x86)/atmel/studio/7.0/toolchain/arm/arm-gnu-toolchain/bin/../lib/gcc/arm-none-eabi/6.3.1/thumb/v6-m\libgcc.a(_divsi3.o)
                0x0001112c                __divsi3
                0x0001112c                __aeabi_idiv
                0x000112f8                __aeabi_idivmod
 .text          0x00011300        0x4 c:/program files (x86)/atmel/studio/7.0/toolchain/arm/arm-gnu-toolchain/bin/../lib/gcc/arm-none-eabi/6.3.1/thumb/v6-m\libgcc.a(_dvmd_tls.o)
                0x00011300                __aeabi_idiv0
                0x00011300                __aeabi_ldiv0
 .text          0x00011304       0x74 c:/program files (x86)/atmel/studio/7.0/toolchain/arm/arm-gnu-toolchain/bin/../lib/gcc/arm-none-eabi/6.3.1/thumb/v6-m\libgcc.a(_arm_cmpsf2.o)
                0x00011304                __aeabi_cfrcmple
                0x0001130c                __aeabi_cfcmpeq
                0x0001130c                __aeabi_cfcmple
                0x0001131c                __aeabi_fcmpeq
                0x00011328                __aeabi_fcmplt
                0x0001133c                __aeabi_fcmple
                0x00011350                __aeabi_fcmpgt
                0x00011364                __aeabi_fcmpge
 .text          0x00011378       0x54 c:/program files (x86)/atmel/studio/7.0/toolchain/arm/arm-gnu-toolchain/bin/../lib/gcc/arm-none-eabi/6.3.1/thumb/v6-m\libgcc.a(_muldi3.o)
                0x00011378                __muldi3
                0x00011378                __aeabi_lmul
 .text          0x000113cc       0x30 c:/program files (x86)/atmel/studio/7.0/toolchain/arm/arm-gnu-toolchain/bin/../lib/gcc/arm-none-eabi/6.3.1/thumb/v6-m\libgcc.a(_fixunssfsi.o)
                0x000113cc                __fixunssfsi
                0x000113cc                __aeabi_f2uiz
 .text          0x000113fc      0x324 c:/program files (x86)/atmel/studio/7.0/toolchain/arm/arm-gnu-toolchain/bin/../lib/gcc/arm-none-eabi/6.3.1/thumb/v6-m\libgcc.a(addsf3.o)
                0x000113fc                __aeabi_fadd
 .text          0x00011720      0x290 c:/program files (x86)/atmel/studio/7.0/toolchain/arm/arm-gnu-toolchain/bin/../lib/gcc/arm-none-eabi/6.3.1/thumb/v6-m\libgcc.a(divsf3.o)
                0x00011720                __aeabi_fdiv
 .text          0x000119b0       0x4c c:/program files (x86)/atmel/studio/7.0/toolchain/arm/arm-gnu-toolchain/bin/../lib/gcc/arm-none-eabi/6.3.1/thumb/v6-m\libgcc.a(eqsf2.o)
                0x000119b0                __eqsf2
                0x000119b0                __nesf2
 .text          0x000119fc       0x80 c:/program files (x86)/atmel/studio/7.0/toolchain/arm/arm-gnu-toolchain/bin/../lib/gcc/arm-none-eabi/6.3.1/thumb/v6-m\libgcc.a(gesf2.o)
                0x000119fc                __gesf2
                0x000119fc                __gtsf2
 .text          0x00011a7c       0x84 c:/program files (x86)/atmel/studio/7.0/toolchain/arm/arm-gnu-toolchain/bin/../lib/gcc/arm-none-eabi/6.3.1/thumb/v6-m\libgcc.a(lesf2.o)
                0x00011a7c                __ltsf2
                0x00011a7c                __lesf2
 .text          0x00011b00      0x338 c:/program files (x86)/atmel/studio/7.0/toolchain/arm/arm-gnu-toolchain/bin/../lib/gcc/arm-none-eabi/6.3.1/thumb/v6-m\libgcc.a(subsf3.o)
                0x00011b00                __aeabi_fsub
 .text          0x00011e38       0x40 c:/program files (x86)/atmel/studio/7.0/toolchain/arm/arm-gnu-toolchain/bin/../lib/gcc/arm-none-eabi/6.3.1/thumb/v6-m\libgcc.a(fixsfsi.o)
                0x00011e38                __aeabi_f2iz
 .text          0x00011e78       0x8c c:/program files (x86)/atmel/studio/7.0/toolchain/arm/arm-gnu-toolchain/bin/../lib/gcc/arm-none-eabi/6.3.1/thumb/v6-m\libgcc.a(floatunsisf.o)
                0x00011e78                __aeabi_ui2f
 .text          0x00011f04      0x620 c:/program files (x86)/atmel/studio/7.0/toolchain/arm/arm-gnu-toolchain/bin/../lib/gcc/arm-none-eabi/6.3.1/thumb/v6-m\libgcc.a(adddf3.o)
                0x00011f04                __aeabi_dadd
 .text          0x00012524      0x668 c:/program files (x86)/atmel/studio/7.0/toolchain/arm/arm-gnu-toolchain/bin/../lib/gcc/arm-none-eabi/6.3.1/thumb/v6-m\libgcc.a(divdf3.o)
                0x00012524                __aeabi_ddiv
 .text          0x00012b8c      0x500 c:/program files (x86)/atmel/studio/7.0/toolchain/arm/arm-gnu-toolchain/bin/../lib/gcc/arm-none-eabi/6.3.1/thumb/v6-m\libgcc.a(muldf3.o)
                0x00012b8c                __aeabi_dmul
 .text          0x0001308c      0x62c c:/program files (x86)/atmel/studio/7.0/toolchain/arm/arm-gnu-toolchain/bin/../lib/gcc/arm-none-eabi/6.3.1/thumb/v6-m\libgcc.a(subdf3.o)
                0x0001308c                __aeabi_dsub
 .text          0x000136b8       0x68 c:/program files (x86)/atmel/studio/7.0/toolchain/arm/arm-gnu-toolchain/bin/../lib/gcc/arm-none-eabi/6.3.1/thumb/v6-m\libgcc.a(fixdfsi.o)
                0x000136b8                __aeabi_d2iz
 .text          0x00013720       0x70 c:/program files (x86)/atmel/studio/7.0/toolchain/arm/arm-gnu-toolchain/bin/../lib/gcc/arm-none-eabi/6.3.1/thumb/v6-m\libgcc.a(floatunsidf.o)
                0x00013720                __aeabi_ui2d
 .text          0x00013790       0x3c c:/program files (x86)/atmel/studio/7.0/toolchain/arm/arm-gnu-toolchain/bin/../lib/gcc/arm-none-eabi/6.3.1/thumb/v6-m\libgcc.a(_clzsi2.o)
                0x00013790                __clzsi2
 .text.__libc_init_array
                0x000137cc       0x48 c:/program files (x86)/atmel/studio/7.0/toolchain/arm/arm-gnu-toolchain/bin/../lib/gcc/arm-none-eabi/6.3.1/../../../../arm-none-eabi/lib/thumb/v6-m\libc_nano.a(lib_a-init.o)
                0x000137cc                __libc_init_array
 .text.memcmp   0x00013814       0x1e c:/program files (x86)/atmel/studio/7.0/toolchain/arm/arm-gnu-toolchain/bin/../lib/gcc/arm-none-eabi/6.3.1/../../../../arm-none-eabi/lib/thumb/v6-m\libc_nano.a(lib_a-memcmp.o)
                0x00013814                memcmp
 .text.memcpy   0x00013832       0x12 c:/program files (x86)/atmel/studio/7.0/toolchain/arm/arm-gnu-toolchain/bin/../lib/gcc/arm-none-eabi/6.3.1/../../../../arm-none-eabi/lib/thumb/v6-m\libc_nano.a(lib_a-memcpy-stub.o)
                0x00013832                memcpy
 .text.memset   0x00013844       0x10 c:/program files (x86)/atmel/studio/7.0/toolchain/arm/arm-gnu-toolchain/bin/../lib/gcc/arm-none-eabi/6.3.1/../../../../arm-none-eabi/lib/thumb/v6-m\libc_nano.a(lib_a-memset.o)
                0x00013844                memset
 .text.printf   0x00013854       0x34 c:/program files (x86)/atmel/studio/7.0/toolchain/arm/arm-gnu-toolchain/bin/../lib/gcc/arm-none-eabi/6.3.1/../../../../arm-none-eabi/lib/thumb/v6-m\libc_nano.a(lib_a-printf.o)
                0x00013854                iprintf
                0x00013854                printf
 .text._puts_r  0x00013888       0xc0 c:/program files (x86)/atmel/studio/7.0/toolchain/arm/arm-gnu-toolchain/bin/../lib/gcc/arm-none-eabi/6.3.1/../../../../arm-none-eabi/lib/thumb/v6-m\libc_nano.a(lib_a-puts.o)
                0x00013888                _puts_r
 .text.puts     0x00013948       0x14 c:/program files (x86)/atmel/studio/7.0/toolchain/arm/arm-gnu-toolchain/bin/../lib/gcc/arm-none-eabi/6.3.1/../../../../arm-none-eabi/lib/thumb/v6-m\libc_nano.a(lib_a-puts.o)
                0x00013948                puts
 .text.srand    0x0001395c       0x5c c:/program files (x86)/atmel/studio/7.0/toolchain/arm/arm-gnu-toolchain/bin/../lib/gcc/arm-none-eabi/6.3.1/../../../../arm-none-eabi/lib/thumb/v6-m\libc_nano.a(lib_a-rand.o)
                0x0001395c                srand
 .text.rand     0x000139b8       0x78 c:/program files (x86)/atmel/studio/7.0/toolchain/arm/arm-gnu-toolchain/bin/../lib/gcc/arm-none-eabi/6.3.1/../../../../arm-none-eabi/lib/thumb/v6-m\libc_nano.a(lib_a-rand.o)
                0x000139b8                rand
 .text.setbuf   0x00013a30       0x12 c:/program files (x86)/atmel/studio/7.0/toolchain/arm/arm-gnu-toolchain/bin/../lib/gcc/arm-none-eabi/6.3.1/../../../../arm-none-eabi/lib/thumb/v6-m\libc_nano.a(lib_a-setbuf.o)
                0x00013a30                setbuf
 *fill*         0x00013a42        0x2 ffffffff
 .text.setvbuf  0x00013a44      0x158 c:/program files (x86)/atmel/studio/7.0/toolchain/arm/arm-gnu-toolchain/bin/../lib/gcc/arm-none-eabi/6.3.1/../../../../arm-none-eabi/lib/thumb/v6-m\libc_nano.a(lib_a-setvbuf.o)
                0x00013a44                setvbuf
 .text.__swbuf_r
                0x00013b9c       0xac c:/program files (x86)/atmel/studio/7.0/toolchain/arm/arm-gnu-toolchain/bin/../lib/gcc/arm-none-eabi/6.3.1/../../../../arm-none-eabi/lib/thumb/v6-m\libc_nano.a(lib_a-wbuf.o)
                0x00013b9c                __swbuf_r
 .text.__swsetup_r
                0x00013c48       0xec c:/program files (x86)/atmel/studio/7.0/toolchain/arm/arm-gnu-toolchain/bin/../lib/gcc/arm-none-eabi/6.3.1/../../../../arm-none-eabi/lib/thumb/v6-m\libc_nano.a(lib_a-wsetup.o)
                0x00013c48                __swsetup_r
 .text.__sflush_r
                0x00013d34      0x114 c:/program files (x86)/atmel/studio/7.0/toolchain/arm/arm-gnu-toolchain/bin/../lib/gcc/arm-none-eabi/6.3.1/../../../../arm-none-eabi/lib/thumb/v6-m\libc_nano.a(lib_a-fflush.o)
                0x00013d34                __sflush_r
 .text._fflush_r
                0x00013e48       0x58 c:/program files (x86)/atmel/studio/7.0/toolchain/arm/arm-gnu-toolchain/bin/../lib/gcc/arm-none-eabi/6.3.1/../../../../arm-none-eabi/lib/thumb/v6-m\libc_nano.a(lib_a-fflush.o)
                0x00013e48                _fflush_r
 .text._cleanup_r
                0x00013ea0       0x10 c:/program files (x86)/atmel/studio/7.0/toolchain/arm/arm-gnu-toolchain/bin/../lib/gcc/arm-none-eabi/6.3.1/../../../../arm-none-eabi/lib/thumb/v6-m\libc_nano.a(lib_a-findfp.o)
                0x00013ea0                _cleanup_r
 .text.std.isra.0
                0x00013eb0       0x48 c:/program files (x86)/atmel/studio/7.0/toolchain/arm/arm-gnu-toolchain/bin/../lib/gcc/arm-none-eabi/6.3.1/../../../../arm-none-eabi/lib/thumb/v6-m\libc_nano.a(lib_a-findfp.o)
 .text.__sfmoreglue
                0x00013ef8       0x2c c:/program files (x86)/atmel/studio/7.0/toolchain/arm/arm-gnu-toolchain/bin/../lib/gcc/arm-none-eabi/6.3.1/../../../../arm-none-eabi/lib/thumb/v6-m\libc_nano.a(lib_a-findfp.o)
                0x00013ef8                __sfmoreglue
 .text.__sinit  0x00013f24       0x68 c:/program files (x86)/atmel/studio/7.0/toolchain/arm/arm-gnu-toolchain/bin/../lib/gcc/arm-none-eabi/6.3.1/../../../../arm-none-eabi/lib/thumb/v6-m\libc_nano.a(lib_a-findfp.o)
                0x00013f24                __sinit
 .text.__sfp    0x00013f8c       0x80 c:/program files (x86)/atmel/studio/7.0/toolchain/arm/arm-gnu-toolchain/bin/../lib/gcc/arm-none-eabi/6.3.1/../../../../arm-none-eabi/lib/thumb/v6-m\libc_nano.a(lib_a-findfp.o)
                0x00013f8c                __sfp
 .text._fwalk_reent
                0x0001400c       0x42 c:/program files (x86)/atmel/studio/7.0/toolchain/arm/arm-gnu-toolchain/bin/../lib/gcc/arm-none-eabi/6.3.1/../../../../arm-none-eabi/lib/thumb/v6-m\libc_nano.a(lib_a-fwalk.o)
                0x0001400c                _fwalk_reent
 *fill*         0x0001404e        0x2 ffffffff
 .text.__swhatbuf_r
                0x00014050       0x50 c:/program files (x86)/atmel/studio/7.0/toolchain/arm/arm-gnu-toolchain/bin/../lib/gcc/arm-none-eabi/6.3.1/../../../../arm-none-eabi/lib/thumb/v6-m\libc_nano.a(lib_a-makebuf.o)
                0x00014050                __swhatbuf_r
 .text.__smakebuf_r
                0x000140a0       0x88 c:/program files (x86)/atmel/studio/7.0/toolchain/arm/arm-gnu-toolchain/bin/../lib/gcc/arm-none-eabi/6.3.1/../../../../arm-none-eabi/lib/thumb/v6-m\libc_nano.a(lib_a-makebuf.o)
                0x000140a0                __smakebuf_r
 .text.malloc   0x00014128       0x14 c:/program files (x86)/atmel/studio/7.0/toolchain/arm/arm-gnu-toolchain/bin/../lib/gcc/arm-none-eabi/6.3.1/../../../../arm-none-eabi/lib/thumb/v6-m\libc_nano.a(lib_a-malloc.o)
                0x00014128                malloc
 .text._free_r  0x0001413c       0x94 c:/program files (x86)/atmel/studio/7.0/toolchain/arm/arm-gnu-toolchain/bin/../lib/gcc/arm-none-eabi/6.3.1/../../../../arm-none-eabi/lib/thumb/v6-m\libc_nano.a(lib_a-nano-freer.o)
                0x0001413c                _free_r
 .text._malloc_r
                0x000141d0       0xbc c:/program files (x86)/atmel/studio/7.0/toolchain/arm/arm-gnu-toolchain/bin/../lib/gcc/arm-none-eabi/6.3.1/../../../../arm-none-eabi/lib/thumb/v6-m\libc_nano.a(lib_a-nano-mallocr.o)
                0x000141d0                _malloc_r
 .text.__sfputc_r
                0x0001428c       0x2a c:/program files (x86)/atmel/studio/7.0/toolchain/arm/arm-gnu-toolchain/bin/../lib/gcc/arm-none-eabi/6.3.1/../../../../arm-none-eabi/lib/thumb/v6-m\libc_nano.a(lib_a-nano-vfprintf.o)
 .text.__sfputs_r
                0x000142b6       0x24 c:/program files (x86)/atmel/studio/7.0/toolchain/arm/arm-gnu-toolchain/bin/../lib/gcc/arm-none-eabi/6.3.1/../../../../arm-none-eabi/lib/thumb/v6-m\libc_nano.a(lib_a-nano-vfprintf.o)
                0x000142b6                __sfputs_r
 *fill*         0x000142da        0x2 ffffffff
 .text._vfprintf_r
                0x000142dc      0x238 c:/program files (x86)/atmel/studio/7.0/toolchain/arm/arm-gnu-toolchain/bin/../lib/gcc/arm-none-eabi/6.3.1/../../../../arm-none-eabi/lib/thumb/v6-m\libc_nano.a(lib_a-nano-vfprintf.o)
                0x000142dc                _vfprintf_r
                0x000142dc                _vfiprintf_r
 .text._printf_common
                0x00014514       0xda c:/program files (x86)/atmel/studio/7.0/toolchain/arm/arm-gnu-toolchain/bin/../lib/gcc/arm-none-eabi/6.3.1/../../../../arm-none-eabi/lib/thumb/v6-m\libc_nano.a(lib_a-nano-vfprintf_i.o)
                0x00014514                _printf_common
 *fill*         0x000145ee        0x2 ffffffff
 .text._printf_i
                0x000145f0      0x234 c:/program files (x86)/atmel/studio/7.0/toolchain/arm/arm-gnu-toolchain/bin/../lib/gcc/arm-none-eabi/6.3.1/../../../../arm-none-eabi/lib/thumb/v6-m\libc_nano.a(lib_a-nano-vfprintf_i.o)
                0x000145f0                _printf_i
 .text._sbrk_r  0x00014824       0x24 c:/program files (x86)/atmel/studio/7.0/toolchain/arm/arm-gnu-toolchain/bin/../lib/gcc/arm-none-eabi/6.3.1/../../../../arm-none-eabi/lib/thumb/v6-m\libc_nano.a(lib_a-sbrkr.o)
                0x00014824                _sbrk_r
 .text.__sread  0x00014848       0x28 c:/program files (x86)/atmel/studio/7.0/toolchain/arm/arm-gnu-toolchain/bin/../lib/gcc/arm-none-eabi/6.3.1/../../../../arm-none-eabi/lib/thumb/v6-m\libc_nano.a(lib_a-stdio.o)
                0x00014848                __sread
 .text.__swrite
                0x00014870       0x38 c:/program files (x86)/atmel/studio/7.0/toolchain/arm/arm-gnu-toolchain/bin/../lib/gcc/arm-none-eabi/6.3.1/../../../../arm-none-eabi/lib/thumb/v6-m\libc_nano.a(lib_a-stdio.o)
                0x00014870                __swrite
 .text.__sseek  0x000148a8       0x2c c:/program files (x86)/atmel/studio/7.0/toolchain/arm/arm-gnu-toolchain/bin/../lib/gcc/arm-none-eabi/6.3.1/../../../../arm-none-eabi/lib/thumb/v6-m\libc_nano.a(lib_a-stdio.o)
                0x000148a8                __sseek
 .text.__sclose
                0x000148d4        0xc c:/program files (x86)/atmel/studio/7.0/toolchain/arm/arm-gnu-toolchain/bin/../lib/gcc/arm-none-eabi/6.3.1/../../../../arm-none-eabi/lib/thumb/v6-m\libc_nano.a(lib_a-stdio.o)
                0x000148d4                __sclose
 .text._write_r
                0x000148e0       0x28 c:/program files (x86)/atmel/studio/7.0/toolchain/arm/arm-gnu-toolchain/bin/../lib/gcc/arm-none-eabi/6.3.1/../../../../arm-none-eabi/lib/thumb/v6-m\libc_nano.a(lib_a-writer.o)
                0x000148e0                _write_r
 .text._close_r
                0x00014908       0x24 c:/program files (x86)/atmel/studio/7.0/toolchain/arm/arm-gnu-toolchain/bin/../lib/gcc/arm-none-eabi/6.3.1/../../../../arm-none-eabi/lib/thumb/v6-m\libc_nano.a(lib_a-closer.o)
                0x00014908                _close_r
 .text._fstat_r
                0x0001492c       0x24 c:/program files (x86)/atmel/studio/7.0/toolchain/arm/arm-gnu-toolchain/bin/../lib/gcc/arm-none-eabi/6.3.1/../../../../arm-none-eabi/lib/thumb/v6-m\libc_nano.a(lib_a-fstatr.o)
                0x0001492c                _fstat_r
 .text._isatty_r
                0x00014950       0x24 c:/program files (x86)/atmel/studio/7.0/toolchain/arm/arm-gnu-toolchain/bin/../lib/gcc/arm-none-eabi/6.3.1/../../../../arm-none-eabi/lib/thumb/v6-m\libc_nano.a(lib_a-isattyr.o)
                0x00014950                _isatty_r
 .text._lseek_r
                0x00014974       0x28 c:/program files (x86)/atmel/studio/7.0/toolchain/arm/arm-gnu-toolchain/bin/../lib/gcc/arm-none-eabi/6.3.1/../../../../arm-none-eabi/lib/thumb/v6-m\libc_nano.a(lib_a-lseekr.o)
                0x00014974                _lseek_r
 .text.memchr   0x0001499c       0x16 c:/program files (x86)/atmel/studio/7.0/toolchain/arm/arm-gnu-toolchain/bin/../lib/gcc/arm-none-eabi/6.3.1/../../../../arm-none-eabi/lib/thumb/v6-m\libc_nano.a(lib_a-memchr-stub.o)
                0x0001499c                memchr
 .text.__malloc_lock
                0x000149b2        0x2 c:/program files (x86)/atmel/studio/7.0/toolchain/arm/arm-gnu-toolchain/bin/../lib/gcc/arm-none-eabi/6.3.1/../../../../arm-none-eabi/lib/thumb/v6-m\libc_nano.a(lib_a-mlock.o)
                0x000149b2                __malloc_lock
 .text.__malloc_unlock
                0x000149b4        0x2 c:/program files (x86)/atmel/studio/7.0/toolchain/arm/arm-gnu-toolchain/bin/../lib/gcc/arm-none-eabi/6.3.1/../../../../arm-none-eabi/lib/thumb/v6-m\libc_nano.a(lib_a-mlock.o)
                0x000149b4                __malloc_unlock
 *fill*         0x000149b6        0x2 ffffffff
 .text._read_r  0x000149b8       0x28 c:/program files (x86)/atmel/studio/7.0/toolchain/arm/arm-gnu-toolchain/bin/../lib/gcc/arm-none-eabi/6.3.1/../../../../arm-none-eabi/lib/thumb/v6-m\libc_nano.a(lib_a-readr.o)
                0x000149b8                _read_r
 *(.glue_7t)
 .glue_7t       0x000149e0        0x0 linker stubs
 *(.glue_7)
 .glue_7        0x000149e0        0x0 linker stubs
 *(.rodata .rodata* .gnu.linkonce.r.*)
 .rodata        0x000149e0       0x18 build/Release/production/_ext/246296370/sercom.o
 .rodata.system_clock_source_get_hz
                0x000149f8       0x24 build/Release/production/_ext/1900123450/clock.o
 .rodata        0x00014a1c        0xc build/Release/production/_ext/1281927709/tc.o
 .rodata.WriteDataBlockAndHeader.cst2
                0x00014a28        0x2 build/Release/production/_ext/1033996233/S_Nv-SamR21.o
 *fill*         0x00014a2a        0x2 ffffffff
 .rodata.mySecurityKey
                0x00014a2c       0x10 build/Release/production/_ext/519960650/mimac_at86rf.o
                0x00014a2c                mySecurityKey
 .rodata.MiWiItemIdsTable
                0x00014a3c       0x12 build/Release/production/_ext/1484681269/miwi_p2p_pds.o
                0x00014a3c                MiWiItemIdsTable
 *fill*         0x00014a4e        0x2 ffffffff
 .rodata.P2PTasks
                0x00014a50      0x190 build/Release/production/_ext/1484681269/miwi_p2p_star.o
 .rodata.tc_interrupt_vectors.11960
                0x00014be0        0x3 build/Release/production/_ext/294023502/hw_timer.o
 *fill*         0x00014be3        0x1 ffffffff
 .rodata        0x00014be4        0xc build/Release/production/_ext/744499385/edbg-eui.o
 .rodata.DemoOutput_Channel.str1.4
                0x00014bf0       0x41 build/Release/production/_ext/1360937237/demo_output.o
                                 0x45 (size before relaxing)
 *fill*         0x00014c31        0x3 ffffffff
 .rodata.DemoOutput_ChannelError.str1.4
                0x00014c34       0x45 build/Release/production/_ext/1360937237/demo_output.o
 *fill*         0x00014c79        0x3 ffffffff
 .rodata.DemoOutput_Greeting.str1.4
                0x00014c7c      0x184 build/Release/production/_ext/1360937237/demo_output.o
 .rodata.DemoOutput_HandleMessage.str1.4
                0x00014e00       0x5b build/Release/production/_ext/1360937237/demo_output.o
 *fill*         0x00014e5b        0x1 ffffffff
 .rodata.MiWi   0x00014e5c       0x7e build/Release/production/_ext/1360937237/demo_output.o
                0x00014e5c                MiWi
 *fill*         0x00014eda        0x2 ffffffff
 .rodata.Connection_Confirm.str1.4
                0x00014edc       0xa9 build/Release/production/_ext/1360937237/task.o
                                 0xbd (size before relaxing)
 *fill*         0x00014f85        0x3 ffffffff
 .rodata.EstablishConfirm.str1.4
                0x00014f88        0xe build/Release/production/_ext/1360937237/task.o
 *fill*         0x00014f96        0x2 ffffffff
 .rodata.Initialize_Demo.str1.4
                0x00014f98       0x18 build/Release/production/_ext/1360937237/task.o
                                 0x16 (size before relaxing)
 .rodata        0x00014fb0       0x80 c:/program files (x86)/atmel/studio/7.0/toolchain/arm/arm-gnu-toolchain/bin/../lib/gcc/arm-none-eabi/6.3.1/thumb/v6-m\libgcc.a(divsf3.o)
 .rodata        0x00015030       0x40 c:/program files (x86)/atmel/studio/7.0/toolchain/arm/arm-gnu-toolchain/bin/../lib/gcc/arm-none-eabi/6.3.1/thumb/v6-m\libgcc.a(divdf3.o)
 .rodata        0x00015070       0x40 c:/program files (x86)/atmel/studio/7.0/toolchain/arm/arm-gnu-toolchain/bin/../lib/gcc/arm-none-eabi/6.3.1/thumb/v6-m\libgcc.a(muldf3.o)
 .rodata._global_impure_ptr
                0x000150b0        0x4 c:/program files (x86)/atmel/studio/7.0/toolchain/arm/arm-gnu-toolchain/bin/../lib/gcc/arm-none-eabi/6.3.1/../../../../arm-none-eabi/lib/thumb/v6-m\libc_nano.a(lib_a-impure.o)
                0x000150b0                _global_impure_ptr
 .rodata.__sf_fake_stderr
                0x000150b4       0x20 c:/program files (x86)/atmel/studio/7.0/toolchain/arm/arm-gnu-toolchain/bin/../lib/gcc/arm-none-eabi/6.3.1/../../../../arm-none-eabi/lib/thumb/v6-m\libc_nano.a(lib_a-findfp.o)
                0x000150b4                __sf_fake_stderr
 .rodata.__sf_fake_stdin
                0x000150d4       0x20 c:/program files (x86)/atmel/studio/7.0/toolchain/arm/arm-gnu-toolchain/bin/../lib/gcc/arm-none-eabi/6.3.1/../../../../arm-none-eabi/lib/thumb/v6-m\libc_nano.a(lib_a-findfp.o)
                0x000150d4                __sf_fake_stdin
 .rodata.__sf_fake_stdout
                0x000150f4       0x20 c:/program files (x86)/atmel/studio/7.0/toolchain/arm/arm-gnu-toolchain/bin/../lib/gcc/arm-none-eabi/6.3.1/../../../../arm-none-eabi/lib/thumb/v6-m\libc_nano.a(lib_a-findfp.o)
                0x000150f4                __sf_fake_stdout
 .rodata._vfprintf_r.str1.1
                0x00015114       0x11 c:/program files (x86)/atmel/studio/7.0/toolchain/arm/arm-gnu-toolchain/bin/../lib/gcc/arm-none-eabi/6.3.1/../../../../arm-none-eabi/lib/thumb/v6-m\libc_nano.a(lib_a-nano-vfprintf.o)
 .rodata._printf_i.str1.1
                0x00015125       0x22 c:/program files (x86)/atmel/studio/7.0/toolchain/arm/arm-gnu-toolchain/bin/../lib/gcc/arm-none-eabi/6.3.1/../../../../arm-none-eabi/lib/thumb/v6-m\libc_nano.a(lib_a-nano-vfprintf_i.o)
 *(.ARM.extab* .gnu.linkonce.armextab.*)
                0x00015148                . = ALIGN (0x4)
 *fill*         0x00015147        0x1 ffffffff
 *(.init)
 .init          0x00015148        0x4 c:/program files (x86)/atmel/studio/7.0/toolchain/arm/arm-gnu-toolchain/bin/../lib/gcc/arm-none-eabi/6.3.1/thumb/v6-m/crti.o
                0x00015148                _init
 .init          0x0001514c        0x8 c:/program files (x86)/atmel/studio/7.0/toolchain/arm/arm-gnu-toolchain/bin/../lib/gcc/arm-none-eabi/6.3.1/thumb/v6-m/crtn.o
                0x00015154                . = ALIGN (0x4)
                0x00015154                __preinit_array_start = .
 *(.preinit_array)
                0x00015154                __preinit_array_end = .
                0x00015154                . = ALIGN (0x4)
                0x00015154                __init_array_start = .
 *(SORT(.init_array.*))
 *(.init_array)
 .init_array    0x00015154        0x4 c:/program files (x86)/atmel/studio/7.0/toolchain/arm/arm-gnu-toolchain/bin/../lib/gcc/arm-none-eabi/6.3.1/thumb/v6-m/crtbegin.o
                0x00015158                __init_array_end = .
                0x00015158                . = ALIGN (0x4)
 *crtbegin.o(.ctors)
 *(EXCLUDE_FILE(*crtend.o) .ctors)
 *(SORT(.ctors.*))
 *crtend.o(.ctors)
                0x00015158                . = ALIGN (0x4)
 *(.fini)
 .fini          0x00015158        0x4 c:/program files (x86)/atmel/studio/7.0/toolchain/arm/arm-gnu-toolchain/bin/../lib/gcc/arm-none-eabi/6.3.1/thumb/v6-m/crti.o
                0x00015158                _fini
 .fini          0x0001515c        0x8 c:/program files (x86)/atmel/studio/7.0/toolchain/arm/arm-gnu-toolchain/bin/../lib/gcc/arm-none-eabi/6.3.1/thumb/v6-m/crtn.o
                0x00015164                . = ALIGN (0x4)
                0x00015164                __fini_array_start = .
 *(.fini_array)
 .fini_array    0x00015164        0x4 c:/program files (x86)/atmel/studio/7.0/toolchain/arm/arm-gnu-toolchain/bin/../lib/gcc/arm-none-eabi/6.3.1/thumb/v6-m/crtbegin.o
 *(SORT(.fini_array.*))
                0x00015168                __fini_array_end = .
 *crtbegin.o(.dtors)
 *(EXCLUDE_FILE(*crtend.o) .dtors)
 *(SORT(.dtors.*))
 *crtend.o(.dtors)
                0x00015168                . = ALIGN (0x4)
                0x00015168                _efixed = .
                [!provide]                PROVIDE (__exidx_start, .)

.vfp11_veneer   0x00015168        0x0
 .vfp11_veneer  0x00015168        0x0 linker stubs

.v4_bx          0x00015168        0x0
 .v4_bx         0x00015168        0x0 linker stubs

.iplt           0x00015168        0x0
 .iplt          0x00015168        0x0 c:/program files (x86)/atmel/studio/7.0/toolchain/arm/arm-gnu-toolchain/bin/../lib/gcc/arm-none-eabi/6.3.1/thumb/v6-m/crtbegin.o

.eh_frame       0x00015168        0x0
 .eh_frame      0x00015168        0x0 c:/program files (x86)/atmel/studio/7.0/toolchain/arm/arm-gnu-toolchain/bin/../lib/gcc/arm-none-eabi/6.3.1/thumb/v6-m/crtbegin.o

.rel.dyn        0x00015168        0x0
 .rel.iplt      0x00015168        0x0 c:/program files (x86)/atmel/studio/7.0/toolchain/arm/arm-gnu-toolchain/bin/../lib/gcc/arm-none-eabi/6.3.1/thumb/v6-m/crtbegin.o

.jcr            0x00015168        0x0
 .jcr           0x00015168        0x0 c:/program files (x86)/atmel/studio/7.0/toolchain/arm/arm-gnu-toolchain/bin/../lib/gcc/arm-none-eabi/6.3.1/thumb/v6-m/crtbegin.o

.igot.plt       0x00015168        0x0
 .igot.plt      0x00015168        0x0 c:/program files (x86)/atmel/studio/7.0/toolchain/arm/arm-gnu-toolchain/bin/../lib/gcc/arm-none-eabi/6.3.1/thumb/v6-m/crtbegin.o

.ARM.exidx
 *(.ARM.exidx* .gnu.linkonce.armexidx.*)
                [!provide]                PROVIDE (__exidx_end, .)
                0x00015168                . = ALIGN (0x4)
                0x00015168                _etext = .

.relocate       0x20000000       0x9c load address 0x00015168
                0x20000000                . = ALIGN (0x4)
                0x20000000                _srelocate = .
 *(.ramfunc .ramfunc.*)
 *(.data .data.*)
 .data.cycles_per_ms
                0x20000000        0x4 build/Release/production/_ext/2004935951/systick_counter.o
 .data.cycles_per_us
                0x20000004        0x4 build/Release/production/_ext/2004935951/systick_counter.o
 .data.g_interrupt_enabled
                0x20000008        0x1 build/Release/production/_ext/1939168694/interrupt_sam_nvic.o
                0x20000008                g_interrupt_enabled
 .data.s_sectorToErase
                0x20000009        0x1 build/Release/production/_ext/1033996233/S_Nv-SamR21.o
 .data.BankIndex
                0x2000000a        0x1 build/Release/production/_ext/519960650/mimac_at86rf.o
                0x2000000a                BankIndex
 .data.ConnMode
                0x2000000b        0x1 build/Release/production/_ext/1484681269/miwi_p2p_star.o
                0x2000000b                ConnMode
 .data.P2PCapacityInfo
                0x2000000c        0x1 build/Release/production/_ext/1484681269/miwi_p2p_star.o
                0x2000000c                P2PCapacityInfo
 .data.currentChannel
                0x2000000d        0x1 build/Release/production/_ext/1484681269/miwi_p2p_star.o
                0x2000000d                currentChannel
 *fill*         0x2000000e        0x2 
 .data.myLongAddress
                0x20000010        0x8 build/Release/production/_ext/1484681269/miwi_p2p_star.o
                0x20000010                myLongAddress
 .data.txCallbackReceived
                0x20000018        0x1 build/Release/production/_ext/1484681269/miwi_p2p_star.o
                0x20000018                txCallbackReceived
 *fill*         0x20000019        0x3 
 .data.write_buffer
                0x2000001c        0x2 build/Release/production/_ext/744499385/edbg-eui.o
 .data.last_dir
                0x2000001e        0x1 build/Release/production/_ext/1592874582/sal.o
 *fill*         0x2000001f        0x1 
 .data.AdditionalNodeID
                0x20000020        0x1 build/Release/production/_ext/1360937237/task.o
                0x20000020                AdditionalNodeID
 *fill*         0x20000021        0x3 
 .data.defaultParamsRomOrRam
                0x20000024       0x10 build/Release/production/_ext/1360937237/task.o
                0x20000024                defaultParamsRomOrRam
 .data.myChannel
                0x20000034        0x1 build/Release/production/_ext/1360937237/task.o
                0x20000034                myChannel
 *fill*         0x20000035        0x3 
 .data._impure_ptr
                0x20000038        0x4 c:/program files (x86)/atmel/studio/7.0/toolchain/arm/arm-gnu-toolchain/bin/../lib/gcc/arm-none-eabi/6.3.1/../../../../arm-none-eabi/lib/thumb/v6-m\libc_nano.a(lib_a-impure.o)
                0x20000038                _impure_ptr
 .data.impure_data
                0x2000003c       0x60 c:/program files (x86)/atmel/studio/7.0/toolchain/arm/arm-gnu-toolchain/bin/../lib/gcc/arm-none-eabi/6.3.1/../../../../arm-none-eabi/lib/thumb/v6-m\libc_nano.a(lib_a-impure.o)
                0x2000009c                . = ALIGN (0x4)
                0x2000009c                _erelocate = .

.bss            0x2000009c     0x231c load address 0x00015204
                0x2000009c                . = ALIGN (0x4)
                0x2000009c                _sbss = .
                0x2000009c                _szero = .
 *(.bss .bss.*)
 .bss           0x2000009c       0x1c c:/program files (x86)/atmel/studio/7.0/toolchain/arm/arm-gnu-toolchain/bin/../lib/gcc/arm-none-eabi/6.3.1/thumb/v6-m/crtbegin.o
 .bss.cpu_irq_critical_section_counter
                0x200000b8        0x4 build/Release/production/_ext/1939168694/interrupt_sam_nvic.o
 .bss.cpu_irq_prev_interrupt_state
                0x200000bc        0x1 build/Release/production/_ext/1939168694/interrupt_sam_nvic.o
 *fill*         0x200000bd        0x3 
 .bss._nvm_dev  0x200000c0        0x6 build/Release/production/_ext/2106479848/nvm.o
 *fill*         0x200000c6        0x2 
 .bss._sercom_config
                0x200000c8        0x2 build/Release/production/_ext/246296370/sercom.o
 .bss._handler_table_initialized
                0x200000ca        0x1 build/Release/production/_ext/246296370/sercom_interrupt.o
 *fill*         0x200000cb        0x1 
 .bss._sercom_interrupt_handlers
                0x200000cc       0x18 build/Release/production/_ext/246296370/sercom_interrupt.o
 .bss._system_clock_inst
                0x200000e4       0x18 build/Release/production/_ext/1900123450/clock.o
 .bss.heap.5296
                0x200000fc        0x4 build/Release/production/_ext/1284275751/syscalls.o
 .bss.host_uart_module
                0x20000100       0x34 build/Release/production/_ext/679194198/sio2host.o
 .bss.serial_rx_buf
                0x20000134       0x9c build/Release/production/_ext/679194198/sio2host.o
 .bss.serial_rx_buf_tail
                0x200001d0        0x1 build/Release/production/_ext/679194198/sio2host.o
 *fill*         0x200001d1        0x3 
 .bss.s_pfSystemCheckCallback
                0x200001d4        0x4 build/Release/production/_ext/1033996233/D_Nv.o
 .bss.compactBlockOffset
                0x200001d8        0x2 build/Release/production/_ext/1033996233/S_Nv-SamR21.o
 *fill*         0x200001da        0x2 
 .bss.compactItemTimer
                0x200001dc       0x14 build/Release/production/_ext/1033996233/S_Nv-SamR21.o
 .bss.compactSectorTimer
                0x200001f0       0x14 build/Release/production/_ext/1033996233/S_Nv-SamR21.o
 .bss.currentCompactLength
                0x20000204        0x2 build/Release/production/_ext/1033996233/S_Nv-SamR21.o
 *fill*         0x20000206        0x2 
 .bss.dataBlock
                0x20000208      0x100 build/Release/production/_ext/1033996233/S_Nv-SamR21.o
 .bss.eraseSectorTimer
                0x20000308       0x14 build/Release/production/_ext/1033996233/S_Nv-SamR21.o
 .bss.s_compactItemId
                0x2000031c        0x2 build/Release/production/_ext/1033996233/S_Nv-SamR21.o
 .bss.s_compactItemLength
                0x2000031e        0x2 build/Release/production/_ext/1033996233/S_Nv-SamR21.o
 .bss.s_earlyInitDone
                0x20000320        0x1 build/Release/production/_ext/1033996233/S_Nv-SamR21.o
 *fill*         0x20000321        0x3 
 .bss.s_itemCache
                0x20000324       0x28 build/Release/production/_ext/1033996233/S_Nv-SamR21.o
 .bss.s_itemCount
                0x2000034c        0x1 build/Release/production/_ext/1033996233/S_Nv-SamR21.o
 *fill*         0x2000034d        0x1 
 .bss.s_nextPageAddressAfterCompact
                0x2000034e        0x2 build/Release/production/_ext/1033996233/S_Nv-SamR21.o
 .bss.s_powerSupplyCheckingFunction
                0x20000350        0x4 build/Release/production/_ext/1033996233/S_Nv-SamR21.o
 .bss.s_sector  0x20000354        0x1 build/Release/production/_ext/1033996233/S_Nv-SamR21.o
 *fill*         0x20000355        0x1 
 .bss.s_sectorHead
                0x20000356        0x2 build/Release/production/_ext/1033996233/S_Nv-SamR21.o
 .bss.i_found.11770
                0x20000358        0x1 build/Release/production/_ext/1033996502/wlPdsDataServer.o
 *fill*         0x20000359        0x3 
 .bss.itemsToStore
                0x2000035c        0x2 build/Release/production/_ext/1033996502/wlPdsDataServer.o
 .bss.j_found.11771
                0x2000035e        0x1 build/Release/production/_ext/1033996502/wlPdsDataServer.o
 .bss.pendingTasks
                0x2000035f        0x1 build/Release/production/_ext/1033996502/wlPdsTaskManager.o
 .bss.dataConfAvailable
                0x20000360        0x1 build/Release/production/_ext/519960650/mimac_at86rf.o
                0x20000360                dataConfAvailable
 *fill*         0x20000361        0x3 
 .bss.dataConfCallback
                0x20000364        0x4 build/Release/production/_ext/519960650/mimac_at86rf.o
                0x20000364                dataConfCallback
 .bss.dataHandle
                0x20000368        0x1 build/Release/production/_ext/519960650/mimac_at86rf.o
                0x20000368                dataHandle
 *fill*         0x20000369        0x3 
 .bss.dataPointer
                0x2000036c        0x4 build/Release/production/_ext/519960650/mimac_at86rf.o
                0x2000036c                dataPointer
 .bss.phyRxBuffer
                0x20000370       0x80 build/Release/production/_ext/2007916678/phy.o
 .bss.phyRxState
                0x200003f0        0x1 build/Release/production/_ext/2007916678/phy.o
 .bss.phyState  0x200003f1        0x1 build/Release/production/_ext/2007916678/phy.o
 .bss.conn_size
                0x200003f2        0x1 build/Release/production/_ext/1484681269/miwi_p2p_star.o
                0x200003f2                conn_size
 *fill*         0x200003f3        0x1 
 .bss.connectionTimeInterval
                0x200003f4        0x2 build/Release/production/_ext/1484681269/miwi_p2p_star.o
                0x200003f4                connectionTimeInterval
 *fill*         0x200003f6        0x2 
 .bss.dataTimer
                0x200003f8       0x14 build/Release/production/_ext/1484681269/miwi_p2p_star.o
 .bss.end_nodes
                0x2000040c        0x1 build/Release/production/_ext/1484681269/miwi_p2p_star.o
                0x2000040c                end_nodes
 *fill*         0x2000040d        0x1 
 .bss.inActiveDeviceCheckTimeInterval
                0x2000040e        0x2 build/Release/production/_ext/1484681269/miwi_p2p_star.o
                0x2000040e                inActiveDeviceCheckTimeInterval
 .bss.lastTxFrameTick
                0x20000410        0x4 build/Release/production/_ext/1484681269/miwi_p2p_star.o
 .bss.linkStatusFailureCount
                0x20000414        0x1 build/Release/production/_ext/1484681269/miwi_p2p_star.o
                0x20000414                linkStatusFailureCount
 *fill*         0x20000415        0x1 
 .bss.linkStatusTimeInterval
                0x20000416        0x2 build/Release/production/_ext/1484681269/miwi_p2p_star.o
                0x20000416                linkStatusTimeInterval
 .bss.p2pStarCurrentState
                0x20000418        0x1 build/Release/production/_ext/1484681269/miwi_p2p_star.o
                0x20000418                p2pStarCurrentState
 *fill*         0x20000419        0x3 
 .bss.pktRxcallback
                0x2000041c        0x4 build/Release/production/_ext/1484681269/miwi_p2p_star.o
                0x2000041c                pktRxcallback
 .bss.protocolTimer
                0x20000420       0x14 build/Release/production/_ext/1484681269/miwi_p2p_star.o
 .bss.sharePeerDevInfoTimeInterval
                0x20000434        0x2 build/Release/production/_ext/1484681269/miwi_p2p_star.o
                0x20000434                sharePeerDevInfoTimeInterval
 *fill*         0x20000436        0x2 
 .bss.transaction_duration_us
                0x20000438        0x4 build/Release/production/_ext/1484681269/miwi_p2p_star.o
 .bss.base      0x2000043c        0x4 build/Release/production/_ext/1247473316/mimem.o
 .bss.heapMem   0x20000440     0x1800 build/Release/production/_ext/1247473316/mimem.o
 .bss.totalFreeBytesRemaining
                0x20001c40        0x4 build/Release/production/_ext/1247473316/mimem.o
 .bss.timers    0x20001c44        0x4 build/Release/production/_ext/1247473316/sysTimer.o
 .bss.aes_buf   0x20001c48       0x12 build/Release/production/_ext/1592874582/sal.o
 .bss.dec_initialized
                0x20001c5a        0x1 build/Release/production/_ext/1592874582/sal.o
 *fill*         0x20001c5b        0x1 
 .bss.dec_key   0x20001c5c       0x10 build/Release/production/_ext/1592874582/sal.o
 .bss.enc_key   0x20001c6c       0x10 build/Release/production/_ext/1592874582/sal.o
 .bss.setup_flag
                0x20001c7c        0x1 build/Release/production/_ext/1592874582/sal.o
 *fill*         0x20001c7d        0x3 
 .bss.irq_hdl_trx
                0x20001c80        0x4 build/Release/production/_ext/1248978276/trx_access.o
 .bss.RxNum     0x20001c84        0x1 build/Release/production/_ext/1360937237/star_demo.o
                0x20001c84                RxNum
 .bss.TxNum     0x20001c85        0x1 build/Release/production/_ext/1360937237/star_demo.o
                0x20001c85                TxNum
 .bss.TxSynCount
                0x20001c86        0x1 build/Release/production/_ext/1360937237/star_demo.o
                0x20001c86                TxSynCount
 .bss.msghandledemo
                0x20001c87        0x1 build/Release/production/_ext/1360937237/star_demo.o
                0x20001c87                msghandledemo
 .bss.defaultParamsRamOnly
                0x20001c88        0x1 build/Release/production/_ext/1360937237/task.o
                0x20001c88                defaultParamsRamOnly
 *fill*         0x20001c89        0x3 
 .bss           0x20001c8c       0x14 ../src/ASF/thirdparty/wireless/services/common_hw_timer/sam0/lib\libsam0_lib_hw_timer.a(common_hw_timer.o)
 .bss.__malloc_free_list
                0x20001ca0        0x4 c:/program files (x86)/atmel/studio/7.0/toolchain/arm/arm-gnu-toolchain/bin/../lib/gcc/arm-none-eabi/6.3.1/../../../../arm-none-eabi/lib/thumb/v6-m\libc_nano.a(lib_a-nano-mallocr.o)
                0x20001ca0                __malloc_free_list
 .bss.__malloc_sbrk_start
                0x20001ca4        0x4 c:/program files (x86)/atmel/studio/7.0/toolchain/arm/arm-gnu-toolchain/bin/../lib/gcc/arm-none-eabi/6.3.1/../../../../arm-none-eabi/lib/thumb/v6-m\libc_nano.a(lib_a-nano-mallocr.o)
                0x20001ca4                __malloc_sbrk_start
 *(COMMON)
 COMMON         0x20001ca8        0x1 build/Release/production/_ext/629492261/extint_callback.o
                0x20001ca8                _current_channel
 *fill*         0x20001ca9        0x3 
 COMMON         0x20001cac       0x40 build/Release/production/_ext/559814147/extint.o
                0x20001cac                _extint_dev
 COMMON         0x20001cec        0x4 build/Release/production/_ext/1834056647/rtc_count.o
                0x20001cec                _rtc_instance
 COMMON         0x20001cf0       0x18 build/Release/production/_ext/246296370/sercom_interrupt.o
                0x20001cf0                _sercom_instances
 COMMON         0x20001d08        0xc build/Release/production/_ext/760687460/tc_interrupt.o
                0x20001d08                _tc_instances
 COMMON         0x20001d14        0x4 build/Release/production/_ext/1312133662/read.o
                0x20001d14                ptr_get
 COMMON         0x20001d18        0x8 build/Release/production/_ext/1312133662/write.o
                0x20001d18                ptr_put
                0x20001d1c                stdio_base
 COMMON         0x20001d20       0xe3 build/Release/production/_ext/519960650/mimac_at86rf.o
                0x20001d20                IEEESeqNum
                0x20001d24                packet
                0x20001da4                myNetworkAddress
                0x20001da8                calculated_mic_values
                0x20001dac                MACInitParams
                0x20001db4                InitVect_in
                0x20001dc4                CTR_mic
                0x20001dd4                final_mic_value
                0x20001de4                dataStatus
                0x20001de8                OutgoingFrameCounter
                0x20001dec                CBC_mic
                0x20001dfc                received_mic_values
                0x20001e00                MAC_PANID
                0x20001e02                MACCurrentChannel
 *fill*         0x20001e03        0x1 
 COMMON         0x20001e04      0x150 build/Release/production/_ext/2007916678/phy.o
                0x20001e04                gPhyDataReq
                0x20001e10                phyTxQueue
                0x20001e1c                RxBuffer
 COMMON         0x20001f54      0x14c build/Release/production/_ext/1484681269/miwi_p2p_star.o
                0x20001f54                LatestConnection
                0x20001f58                macAckOnlyFrameQueue
                0x20001f64                indirectFrameQueue
                0x20001f70                MACRxPacket
                0x20001f84                miwiDefaultRomOrRamParams
                0x20001f88                miwiDefaultRamOnlyParams
                0x20001f8c                myConnectionIndex_in_PanCo
                0x20001f90                reconnectionCallback
                0x20001f94                myPANID
                0x20001f98                IncomingFrameCounter
                0x20001fe8                frameTxQueue
                0x20001ff4                MyindexinPC
                0x20001ff8                P2PStatus
                0x20001ffc                appAckWaitDataQueue
                0x20002008                gEstConnectionInfo
                0x20002018                END_DEVICES_Short_Address
                0x20002068                gSearchConnectionInfo
                0x20002074                role
                0x20002078                resyncInfo
                0x20002088                linkFailureCallback
                0x2000208c                rxMessage
                0x2000209c                sentFrame
 COMMON         0x200020a0        0x6 build/Release/production/_ext/1247473316/sysTimer.o
                0x200020a0                SysTimerIrqCount
                0x200020a4                timerExtension1
                0x200020a5                timerExtension2
 *fill*         0x200020a6        0x2 
 COMMON         0x200020a8       0x50 build/Release/production/_ext/294023502/hw_timer.o
                0x200020a8                timer_config
                0x200020dc                module_inst
 COMMON         0x200020f8      0x10c build/Release/production/_ext/744499385/edbg-eui.o
                0x200020f8                readbuf
                0x200021f8                i2c_master_instance
 COMMON         0x20002204       0x50 build/Release/production/_ext/1248978276/trx_access.o
                0x20002204                dummy_read
                0x20002208                slave_dev_config
                0x2000220c                slave
                0x20002210                config
                0x20002248                master
 COMMON         0x20002254        0x8 build/Release/production/_ext/1360937237/demo_output.o
                0x20002254                PUSH_BUTTON_pressed
                0x20002258                PUSH_BUTTON_press_time
 COMMON         0x2000225c       0x12 build/Release/production/_ext/1360937237/star_demo.o
                0x2000225c                update_ed
                0x2000225d                chk_sel_status
                0x20002260                t2
                0x20002264                select_ed
                0x20002265                i
                0x20002268                t1
                0x2000226c                display_connections
                0x2000226d                NumOfActiveScanResponse
 *fill*         0x2000226e        0x2 
 COMMON         0x20002270      0x140 build/Release/production/_ext/1360937237/task.o
                0x20002270                connectionTable
 COMMON         0x200023b0        0x1 ../src/ASF/thirdparty/wireless/services/common_hw_timer/sam0/lib\libsam0_lib_hw_timer.a(common_hw_timer.o)
                0x200023b0                timer_multiplier
 *fill*         0x200023b1        0x3 
 COMMON         0x200023b4        0x4 c:/program files (x86)/atmel/studio/7.0/toolchain/arm/arm-gnu-toolchain/bin/../lib/gcc/arm-none-eabi/6.3.1/../../../../arm-none-eabi/lib/thumb/v6-m\libc_nano.a(lib_a-reent.o)
                0x200023b4                errno
                0x200023b8                . = ALIGN (0x4)
                0x200023b8                _ebss = .
                0x200023b8                _ezero = .

.stack          0x200023b8      0xe00 load address 0x00017520
                0x200023b8                . = ALIGN (0x8)
                0x200023b8                _sstack = .
                0x200031b8                . = (. + STACK_SIZE)
 *fill*         0x200023b8      0xe00 
                0x200031b8                . = ALIGN (0x8)
                0x200031b8                _estack = .
                0x200031b8                . = ALIGN (0x4)
                0x200031b8                _end = .
OUTPUT(dist/Release/production/SAMR21_SIMPLE_EXAMPLE_STAR1.X.production.elf elf32-littlearm)

.ARM.attributes
                0x00000000       0x28
 .ARM.attributes
                0x00000000       0x1e c:/program files (x86)/atmel/studio/7.0/toolchain/arm/arm-gnu-toolchain/bin/../lib/gcc/arm-none-eabi/6.3.1/thumb/v6-m/crti.o
 .ARM.attributes